Archive member included to satisfy reference by file (symbol)

C:/tools/msys64/opt/devkitpro/libnx/lib\libnx.a(applet.o)
                              main.o (appletMainLoop)
C:/tools/msys64/opt/devkitpro/libnx/lib\libnx.a(hid.o)
                              main.o (hidKeysHeld)
C:/tools/msys64/opt/devkitpro/libnx/lib\libnx.a(apm.o)
                              C:/tools/msys64/opt/devkitpro/libnx/lib\libnx.a(applet.o) (apmExit)
C:/tools/msys64/opt/devkitpro/libnx/lib\libnx.a(sm.o)
                              C:/tools/msys64/opt/devkitpro/libnx/lib\libnx.a(applet.o) (smGetService)
C:/tools/msys64/opt/devkitpro/libnx/lib\libnx.a(fatal.o)
                              C:/tools/msys64/opt/devkitpro/libnx/lib\libnx.a(applet.o) (fatalSimple)
C:/tools/msys64/opt/devkitpro/libnx/lib\libnx.a(gfx.o)
                              main.o (gfxInitDefault)
C:/tools/msys64/opt/devkitpro/libnx/lib\libnx.a(nvgfx.o)
                              C:/tools/msys64/opt/devkitpro/libnx/lib\libnx.a(gfx.o) (nvgfxInitialize)
C:/tools/msys64/opt/devkitpro/libnx/lib\libnx.a(env.o)
                              C:/tools/msys64/opt/devkitpro/libnx/lib\libnx.a(applet.o) (envIsNso)
C:/tools/msys64/opt/devkitpro/libnx/lib\libnx.a(cache.o)
                              C:/tools/msys64/opt/devkitpro/libnx/lib\libnx.a(gfx.o) (armDCacheFlush)
C:/tools/msys64/opt/devkitpro/libnx/lib\libnx.a(svc.o)
                              C:/tools/msys64/opt/devkitpro/libnx/lib\libnx.a(applet.o) (svcExitProcess)
C:/tools/msys64/opt/devkitpro/libnx/lib\libnx.a(switch_crt0.o)
                              (_start)
C:/tools/msys64/opt/devkitpro/libnx/lib\libnx.a(detect.o)
                              C:/tools/msys64/opt/devkitpro/libnx/lib\libnx.a(applet.o) (kernelAbove200)
C:/tools/msys64/opt/devkitpro/libnx/lib\libnx.a(shmem.o)
                              C:/tools/msys64/opt/devkitpro/libnx/lib\libnx.a(hid.o) (shmemLoadRemote)
C:/tools/msys64/opt/devkitpro/libnx/lib\libnx.a(rwlock.o)
                              C:/tools/msys64/opt/devkitpro/libnx/lib\libnx.a(hid.o) (rwlockReadLock)
C:/tools/msys64/opt/devkitpro/libnx/lib\libnx.a(tmem.o)
                              C:/tools/msys64/opt/devkitpro/libnx/lib\libnx.a(applet.o) (tmemCreate)
C:/tools/msys64/opt/devkitpro/libnx/lib\libnx.a(mutex.o)
                              C:/tools/msys64/opt/devkitpro/libnx/lib\libnx.a(detect.o) (mutexLock)
C:/tools/msys64/opt/devkitpro/libnx/lib\libnx.a(virtmem.o)
                              C:/tools/msys64/opt/devkitpro/libnx/lib\libnx.a(shmem.o) (virtmemReserve)
C:/tools/msys64/opt/devkitpro/libnx/lib\libnx.a(event.o)
                              C:/tools/msys64/opt/devkitpro/libnx/lib\libnx.a(applet.o) (eventLoadRemote)
C:/tools/msys64/opt/devkitpro/libnx/lib\libnx.a(nv.o)
                              C:/tools/msys64/opt/devkitpro/libnx/lib\libnx.a(gfx.o) (nvExit)
C:/tools/msys64/opt/devkitpro/libnx/lib\libnx.a(vi.o)
                              C:/tools/msys64/opt/devkitpro/libnx/lib\libnx.a(gfx.o) (viExit)
C:/tools/msys64/opt/devkitpro/libnx/lib\libnx.a(fence.o)
                              C:/tools/msys64/opt/devkitpro/libnx/lib\libnx.a(gfx.o) (nvFenceInit)
C:/tools/msys64/opt/devkitpro/libnx/lib\libnx.a(nvhost-ctrl.o)
                              C:/tools/msys64/opt/devkitpro/libnx/lib\libnx.a(fence.o) (nvioctlNvhostCtrl_EventSignal)
C:/tools/msys64/opt/devkitpro/libnx/lib\libnx.a(nvmap.o)
                              C:/tools/msys64/opt/devkitpro/libnx/lib\libnx.a(nvgfx.o) (nvioctlNvmap_Create)
C:/tools/msys64/opt/devkitpro/libnx/lib\libnx.a(buffer_producer.o)
                              C:/tools/msys64/opt/devkitpro/libnx/lib\libnx.a(gfx.o) (bqRequestBuffer)
C:/tools/msys64/opt/devkitpro/libnx/lib\libnx.a(binder.o)
                              C:/tools/msys64/opt/devkitpro/libnx/lib\libnx.a(gfx.o) (binderCreate)
C:/tools/msys64/opt/devkitpro/libnx/lib\libnx.a(parcel.o)
                              C:/tools/msys64/opt/devkitpro/libnx/lib\libnx.a(buffer_producer.o) (parcelCreate)
C:/tools/msys64/opt/devkitpro/libnx/lib\libnx.a(dynamic.o)
                              C:/tools/msys64/opt/devkitpro/libnx/lib\libnx.a(switch_crt0.o) (__nx_dynamic)
C:/tools/msys64/opt/devkitpro/libnx/lib\libnx.a(init.o)
                              C:/tools/msys64/opt/devkitpro/libnx/lib\libnx.a(switch_crt0.o) (__libnx_init)
C:/tools/msys64/opt/devkitpro/libnx/lib\libnx.a(newlib.o)
                              C:/tools/msys64/opt/devkitpro/libnx/lib\libnx.a(init.o) (__libnx_init_time)
C:/tools/msys64/opt/devkitpro/libnx/lib\libnx.a(argv.o)
                              C:/tools/msys64/opt/devkitpro/libnx/lib\libnx.a(init.o) (argvSetup)
C:/tools/msys64/opt/devkitpro/libnx/lib\libnx.a(fs_dev.o)
                              C:/tools/msys64/opt/devkitpro/libnx/lib\libnx.a(init.o) (fsdevMountSdmc)
C:/tools/msys64/opt/devkitpro/libnx/lib\libnx.a(decode_utf8.o)
                              C:/tools/msys64/opt/devkitpro/libnx/lib\libnx.a(fs_dev.o) (decode_utf8)
[...]
Memory Configuration

Name             Origin             Length             Attributes
*default*        0x0000000000000000 0xffffffffffffffff

Linker script and memory map

                0x0000000000000000                PROVIDE (__start__ = 0x0)
                0x0000000000000000                . = __start__

.crt0           0x0000000000000000      0x130
 *(.crt0)
 .crt0          0x0000000000000000      0x130 C:/tools/msys64/opt/devkitpro/libnx/lib\libnx.a(switch_crt0.o)
                0x0000000000000000                _start
                0x0000000000000104                __nx_exit
                0x0000000000000114                __nx_mod0
                0x0000000000000130                . = ALIGN (0x8)

.init           0x0000000000000130       0x38
 *(.init)
 .init          0x0000000000000130       0x18 c:/tools/msys64/opt/devkitpro/devkita64/bin/../lib/gcc/aarch64-none-elf/8.2.0/pic/crti.o
                0x0000000000000130                _init
 .init          0x0000000000000148       0x1c c:/tools/msys64/opt/devkitpro/devkita64/bin/../lib/gcc/aarch64-none-elf/8.2.0/pic/crtn.o
                0x0000000000000168                . = ALIGN (0x8)
 *fill*         0x0000000000000164        0x4 

.plt            0x0000000000000168        0x0
 *(.plt)
 .plt           0x0000000000000168        0x0 c:/tools/msys64/opt/devkitpro/devkita64/bin/../lib/gcc/aarch64-none-elf/8.2.0/pic/crti.o
 *(.iplt)
                0x0000000000000168                . = ALIGN (0x8)

.text           0x0000000000000180    0x11f40
 *(.text.unlikely .text.*_unlikely .text.unlikely.*)
 *(.text.exit .text.exit.*)
 .text.exit     0x0000000000000180       0x38 c:/tools/msys64/opt/devkitpro/devkita64/bin/../lib/gcc/aarch64-none-elf/8.2.0/../../../../aarch64-none-elf/lib/pic\libg.a(lib_a-exit.o)
                0x0000000000000180                exit
 *(.text.startup .text.startup.*)
 *fill*         0x00000000000001b8        0x8 
 .text.startup.main
                0x00000000000001c0      0x28c main.o
                0x00000000000001c0                main
 *(.text.hot .text.hot.*)
 *(.text .stub .text.* .gnu.linkonce.t.*)
 *fill*         0x000000000000044c        0x4 
 .text.deregister_tm_clones
                0x0000000000000450       0x2c c:/tools/msys64/opt/devkitpro/devkita64/bin/../lib/gcc/aarch64-none-elf/8.2.0/pic/crtbegin.o
 *fill*         0x000000000000047c        0x4 
 .text.register_tm_clones
                0x0000000000000480       0x38 c:/tools/msys64/opt/devkitpro/devkita64/bin/../lib/gcc/aarch64-none-elf/8.2.0/pic/crtbegin.o
 .text.__do_global_dtors_aux
                0x00000000000004b8       0x48 c:/tools/msys64/opt/devkitpro/devkita64/bin/../lib/gcc/aarch64-none-elf/8.2.0/pic/crtbegin.o
 .text.frame_dummy
                0x0000000000000500       0x34 c:/tools/msys64/opt/devkitpro/devkita64/bin/../lib/gcc/aarch64-none-elf/8.2.0/pic/crtbegin.o
 *fill*         0x0000000000000534        0xc 
 .text.drawLine
                0x0000000000000540       0xcc main.o
 *fill*         0x000000000000060c        0x4 
 .text.handleInputs
                0x0000000000000610       0x40 main.o
                0x0000000000000610                handleInputs
 .text.drawTitle
                0x0000000000000650      0xb04 main.o
                0x0000000000000650                drawTitle
 *fill*         0x0000000000001154        0xc 
 .text.ipcCloseObjectById
                0x0000000000001160       0x34 C:/tools/msys64/opt/devkitpro/libnx/lib\libnx.a(applet.o)
 *fill*         0x0000000000001194        0xc 
 .text._appletCmdNoIO
                0x00000000000011a0       0xc4 C:/tools/msys64/opt/devkitpro/libnx/lib\libnx.a(applet.o)
 *fill*         0x0000000000001264        0xc 
 .text._appletGetHandle
                0x0000000000001270      0x124 C:/tools/msys64/opt/devkitpro/libnx/lib\libnx.a(applet.o)
 *fill*         0x0000000000001394        0xc 
 .text._appletReceiveMessage
                0x00000000000013a0       0xec C:/tools/msys64/opt/devkitpro/libnx/lib\libnx.a(applet.o)
 *fill*         0x000000000000148c        0x4 
 .text._appletGetOperationMode.constprop.17
                0x0000000000001490       0xe0 C:/tools/msys64/opt/devkitpro/libnx/lib\libnx.a(applet.o)
 .text._appletGetPerformanceMode.constprop.18
                0x0000000000001570       0xe0 C:/tools/msys64/opt/devkitpro/libnx/lib\libnx.a(applet.o)
 .text._appletGetCurrentFocusState.constprop.19
                0x0000000000001650       0xe0 C:/tools/msys64/opt/devkitpro/libnx/lib\libnx.a(applet.o)
 .text._appletAcquireForegroundRights
                0x0000000000001730       0xcc C:/tools/msys64/opt/devkitpro/libnx/lib\libnx.a(applet.o)
 *fill*         0x00000000000017fc        0x4 
 .text._appletSetPerformanceModeChangedNotification.constprop.21
                0x0000000000001800       0xd4 C:/tools/msys64/opt/devkitpro/libnx/lib\libnx.a(applet.o)
 *fill*         0x00000000000018d4        0xc 
 .text._appletSetOutOfFocusSuspendingEnabled
                0x00000000000018e0       0xd0 C:/tools/msys64/opt/devkitpro/libnx/lib\libnx.a(applet.o)
 .text._appletSetOperationModeChangedNotification.constprop.20
                0x00000000000019b0       0xd4 C:/tools/msys64/opt/devkitpro/libnx/lib\libnx.a(applet.o)
 *fill*         0x0000000000001a84        0xc 
 .text._appletSetFocusHandlingMode
                0x0000000000001a90       0xd8 C:/tools/msys64/opt/devkitpro/libnx/lib\libnx.a(applet.o)
 *fill*         0x0000000000001b68        0x8 
 .text._appletGetAppletResourceUserId.constprop.15
                0x0000000000001b70       0xe0 C:/tools/msys64/opt/devkitpro/libnx/lib\libnx.a(applet.o)
 .text._appletGetSessionProxy.constprop.14
                0x0000000000001c50      0x13c C:/tools/msys64/opt/devkitpro/libnx/lib\libnx.a(applet.o)
 *fill*         0x0000000000001d8c        0x4 
 .text.appletGetAppletType
                0x0000000000001d90       0x10 C:/tools/msys64/opt/devkitpro/libnx/lib\libnx.a(applet.o)
                0x0000000000001d90                appletGetAppletType
 .text.appletHook
                0x0000000000001da0       0x28 C:/tools/msys64/opt/devkitpro/libnx/lib\libnx.a(applet.o)
                0x0000000000001da0                appletHook
 *fill*         0x0000000000001dc8        0x8 
 .text.appletUnhook
                0x0000000000001dd0       0x34 C:/tools/msys64/opt/devkitpro/libnx/lib\libnx.a(applet.o)
                0x0000000000001dd0                appletUnhook
 *fill*         0x0000000000001e04        0xc 
 .text.appletGetAppletResourceUserId
                0x0000000000001e10       0x28 C:/tools/msys64/opt/devkitpro/libnx/lib\libnx.a(applet.o)
                0x0000000000001e10                appletGetAppletResourceUserId
 *fill*         0x0000000000001e38        0x8 
 .text.appletNotifyRunning
                0x0000000000001e40      0x120 C:/tools/msys64/opt/devkitpro/libnx/lib\libnx.a(applet.o)
                0x0000000000001e40                appletNotifyRunning
 .text.appletSetGamePlayRecordingState
                0x0000000000001f60      0x124 C:/tools/msys64/opt/devkitpro/libnx/lib\libnx.a(applet.o)
                0x0000000000001f60                appletSetGamePlayRecordingState
 *fill*         0x0000000000002084        0xc 
 .text.appletExit
                0x0000000000002090      0x6c0 C:/tools/msys64/opt/devkitpro/libnx/lib\libnx.a(applet.o)
                0x0000000000002090                appletExit
 .text.appletInitialize
                0x0000000000002750      0x594 C:/tools/msys64/opt/devkitpro/libnx/lib\libnx.a(applet.o)
                0x0000000000002750                appletInitialize
 *fill*         0x0000000000002ce4        0xc 
 .text._appletExitProcess
                0x0000000000002cf0       0x10 C:/tools/msys64/opt/devkitpro/libnx/lib\libnx.a(applet.o)
 .text.appletCreateManagedDisplayLayer
                0x0000000000002d00       0xec C:/tools/msys64/opt/devkitpro/libnx/lib\libnx.a(applet.o)
                0x0000000000002d00                appletCreateManagedDisplayLayer
 *fill*         0x0000000000002dec        0x4 
 .text.appletGetOperationMode
                0x0000000000002df0        0xc C:/tools/msys64/opt/devkitpro/libnx/lib\libnx.a(applet.o)
                0x0000000000002df0                appletGetOperationMode
 *fill*         0x0000000000002dfc        0x4 
 .text.appletMainLoop
                0x0000000000002e00      0x17c C:/tools/msys64/opt/devkitpro/libnx/lib\libnx.a(applet.o)
                0x0000000000002e00                appletMainLoop
 *fill*         0x0000000000002f7c        0x4 
 .text.ipcCloseObjectById
                0x0000000000002f80       0x34 C:/tools/msys64/opt/devkitpro/libnx/lib\libnx.a(hid.o)
 *fill*         0x0000000000002fb4        0xc 
 .text._hidGetSharedMemoryHandle.constprop.11
                0x0000000000002fc0      0x124 C:/tools/msys64/opt/devkitpro/libnx/lib\libnx.a(hid.o)
 *fill*         0x00000000000030e4        0xc 
 .text._hidCreateAppletResource.constprop.10
                0x00000000000030f0      0x134 C:/tools/msys64/opt/devkitpro/libnx/lib\libnx.a(hid.o)
 *fill*         0x0000000000003224        0xc 
 .text._hidCmdWithNoInput
                0x0000000000003230      0x100 C:/tools/msys64/opt/devkitpro/libnx/lib\libnx.a(hid.o)
 .text._hidCmdWithInputU32
                0x0000000000003330      0x10c C:/tools/msys64/opt/devkitpro/libnx/lib\libnx.a(hid.o)
 *fill*         0x000000000000343c        0x4 
 .text.hidReset
                0x0000000000003440      0x1d0 C:/tools/msys64/opt/devkitpro/libnx/lib\libnx.a(hid.o)
                0x0000000000003440                hidReset
 .text.hidGetSharedmemAddr
                0x0000000000003610        0xc C:/tools/msys64/opt/devkitpro/libnx/lib\libnx.a(hid.o)
                0x0000000000003610                hidGetSharedmemAddr
 *fill*         0x000000000000361c        0x4 
 .text.hidKeysHeld
                0x0000000000003620       0x6c C:/tools/msys64/opt/devkitpro/libnx/lib\libnx.a(hid.o)
                0x0000000000003620                hidKeysHeld
 *fill*         0x000000000000368c        0x4 
 .text.hidKeysDown
                0x0000000000003690       0x6c C:/tools/msys64/opt/devkitpro/libnx/lib\libnx.a(hid.o)
                0x0000000000003690                hidKeysDown
 *fill*         0x00000000000036fc        0x4 
 .text.hidTouchCount
                0x0000000000003700        0xc C:/tools/msys64/opt/devkitpro/libnx/lib\libnx.a(hid.o)
                0x0000000000003700                hidTouchCount
 *fill*         0x000000000000370c        0x4 
 .text.hidScanInput
                0x0000000000003710      0x560 C:/tools/msys64/opt/devkitpro/libnx/lib\libnx.a(hid.o)
                0x0000000000003710                hidScanInput
 .text.hidSetSupportedNpadIdType
                0x0000000000003c70      0x198 C:/tools/msys64/opt/devkitpro/libnx/lib\libnx.a(hid.o)
                0x0000000000003c70                hidSetSupportedNpadIdType
 *fill*         0x0000000000003e08        0x8 
 .text.hidSetSupportedNpadStyleSet
                0x0000000000003e10        0xc C:/tools/msys64/opt/devkitpro/libnx/lib\libnx.a(hid.o)
                0x0000000000003e10                hidSetSupportedNpadStyleSet
 *fill*         0x0000000000003e1c        0x4 
 .text.hidSetNpadJoyAssignmentModeDual
                0x0000000000003e20        0xc C:/tools/msys64/opt/devkitpro/libnx/lib\libnx.a(hid.o)
                0x0000000000003e20                hidSetNpadJoyAssignmentModeDual
 *fill*         0x0000000000003e2c        0x4 
 .text.hidExit  0x0000000000003e30      0x130 C:/tools/msys64/opt/devkitpro/libnx/lib\libnx.a(hid.o)
                0x0000000000003e30                hidExit
 .text.hidInitialize
                0x0000000000003f60      0x15c C:/tools/msys64/opt/devkitpro/libnx/lib\libnx.a(hid.o)
                0x0000000000003f60                hidInitialize
 *fill*         0x00000000000040bc        0x4 
 .text.ipcCloseObjectById
                0x00000000000040c0       0x34 C:/tools/msys64/opt/devkitpro/libnx/lib\libnx.a(apm.o)
 *fill*         0x00000000000040f4        0xc 
 .text._apmGetSession.constprop.4
                0x0000000000004100      0x124 C:/tools/msys64/opt/devkitpro/libnx/lib\libnx.a(apm.o)
 *fill*         0x0000000000004224        0xc 
 .text.apmExit  0x0000000000004230       0xf0 C:/tools/msys64/opt/devkitpro/libnx/lib\libnx.a(apm.o)
                0x0000000000004230                apmExit
 .text.apmInitialize
                0x0000000000004320       0x8c C:/tools/msys64/opt/devkitpro/libnx/lib\libnx.a(apm.o)
                0x0000000000004320                apmInitialize
 *fill*         0x00000000000043ac        0x4 
 .text.apmSetPerformanceConfiguration
                0x00000000000043b0       0xcc C:/tools/msys64/opt/devkitpro/libnx/lib\libnx.a(apm.o)
                0x00000000000043b0                apmSetPerformanceConfiguration
 *fill*         0x000000000000447c        0x4 
 .text.smAddOverrideHandle
                0x0000000000004480       0x44 C:/tools/msys64/opt/devkitpro/libnx/lib\libnx.a(sm.o)
                0x0000000000004480                smAddOverrideHandle
 *fill*         0x00000000000044c4        0xc 
 .text.smGetServiceOverride
                0x00000000000044d0       0x60 C:/tools/msys64/opt/devkitpro/libnx/lib\libnx.a(sm.o)
                0x00000000000044d0                smGetServiceOverride
 .text.smHasInitialized
                0x0000000000004530       0x14 C:/tools/msys64/opt/devkitpro/libnx/lib\libnx.a(sm.o)
                0x0000000000004530                smHasInitialized
 *fill*         0x0000000000004544        0xc 
 .text.smExit   0x0000000000004550       0x5c C:/tools/msys64/opt/devkitpro/libnx/lib\libnx.a(sm.o)
                0x0000000000004550                smExit
 *fill*         0x00000000000045ac        0x4 
 .text.smEncodeName
                0x00000000000045b0       0x38 C:/tools/msys64/opt/devkitpro/libnx/lib\libnx.a(sm.o)
                0x00000000000045b0                smEncodeName
 *fill*         0x00000000000045e8        0x8 
 .text.smGetServiceOriginal
                0x00000000000045f0      0x12c C:/tools/msys64/opt/devkitpro/libnx/lib\libnx.a(sm.o)
                0x00000000000045f0                smGetServiceOriginal
 *fill*         0x000000000000471c        0x4 
 .text.smInitialize
                0x0000000000004720      0x158 C:/tools/msys64/opt/devkitpro/libnx/lib\libnx.a(sm.o)
                0x0000000000004720                smInitialize
 *fill*         0x0000000000004878        0x8 
 .text.smGetService
                0x0000000000004880       0x74 C:/tools/msys64/opt/devkitpro/libnx/lib\libnx.a(sm.o)
                0x0000000000004880                smGetService
 *fill*         0x00000000000048f4        0xc 
 .text.fatalWithType
                0x0000000000004900      0x104 C:/tools/msys64/opt/devkitpro/libnx/lib\libnx.a(fatal.o)
                0x0000000000004900                fatalWithType
 *fill*         0x0000000000004a04        0xc 
 .text.fatalSimple
                0x0000000000004a10       0x14 C:/tools/msys64/opt/devkitpro/libnx/lib\libnx.a(fatal.o)
                0x0000000000004a10                fatalSimple
 *fill*         0x0000000000004a24        0xc 
 .text._gfxCancelBuffer
                0x0000000000004a30       0x4c C:/tools/msys64/opt/devkitpro/libnx/lib\libnx.a(gfx.o)
 *fill*         0x0000000000004a7c        0x4 
 .text._gfxDequeueBuffer.part.0
                0x0000000000004a80      0x170 C:/tools/msys64/opt/devkitpro/libnx/lib\libnx.a(gfx.o)
 .text.gfxInitDefault
                0x0000000000004bf0      0x4b4 C:/tools/msys64/opt/devkitpro/libnx/lib\libnx.a(gfx.o)
                0x0000000000004bf0                gfxInitDefault
 *fill*         0x00000000000050a4        0xc 
 .text.gfxConfigureCrop
                0x00000000000050b0       0xe8 C:/tools/msys64/opt/devkitpro/libnx/lib\libnx.a(gfx.o)
                0x00000000000050b0                gfxConfigureCrop
 *fill*         0x0000000000005198        0x8 
 .text.gfxConfigureResolution
                0x00000000000051a0       0x14 C:/tools/msys64/opt/devkitpro/libnx/lib\libnx.a(gfx.o)
                0x00000000000051a0                gfxConfigureResolution
 *fill*         0x00000000000051b4        0xc 
 .text._gfxAutoResolutionAppletHook
                0x00000000000051c0       0x60 C:/tools/msys64/opt/devkitpro/libnx/lib\libnx.a(gfx.o)
 .text.gfxConfigureAutoResolution
                0x0000000000005220      0x11c C:/tools/msys64/opt/devkitpro/libnx/lib\libnx.a(gfx.o)
                0x0000000000005220                gfxConfigureAutoResolution
 *fill*         0x000000000000533c        0x4 
 .text.gfxExit  0x0000000000005340      0x174 C:/tools/msys64/opt/devkitpro/libnx/lib\libnx.a(gfx.o)
                0x0000000000005340                gfxExit
 *fill*         0x00000000000054b4        0xc 
 .text._gfxGraphicBufferInit
                0x00000000000054c0       0x3c C:/tools/msys64/opt/devkitpro/libnx/lib\libnx.a(gfx.o)
                0x00000000000054c0                _gfxGraphicBufferInit
 *fill*         0x00000000000054fc        0x4 
 .text.gfxSwapBuffers
                0x0000000000005500       0x6c C:/tools/msys64/opt/devkitpro/libnx/lib\libnx.a(gfx.o)
                0x0000000000005500                gfxSwapBuffers
 *fill*         0x000000000000556c        0x4 
 .text.gfxGetFramebuffer
                0x0000000000005570       0x68 C:/tools/msys64/opt/devkitpro/libnx/lib\libnx.a(gfx.o)
                0x0000000000005570                gfxGetFramebuffer
 *fill*         0x00000000000055d8        0x8 
 .text.gfxFlushBuffers
                0x00000000000055e0      0x12c C:/tools/msys64/opt/devkitpro/libnx/lib\libnx.a(gfx.o)
                0x00000000000055e0                gfxFlushBuffers
 *fill*         0x000000000000570c        0x4 
 .text.nvmapobjClose.part.0.constprop.3
                0x0000000000005710       0x38 C:/tools/msys64/opt/devkitpro/libnx/lib\libnx.a(nvgfx.o)
 *fill*         0x0000000000005748        0x8 
 .text.nvgfxInitialize
                0x0000000000005750      0x1e8 C:/tools/msys64/opt/devkitpro/libnx/lib\libnx.a(nvgfx.o)
                0x0000000000005750                nvgfxInitialize
 *fill*         0x0000000000005938        0x8 
 .text.nvgfxExit
                0x0000000000005940       0x58 C:/tools/msys64/opt/devkitpro/libnx/lib\libnx.a(nvgfx.o)
                0x0000000000005940                nvgfxExit
 *fill*         0x0000000000005998        0x8 
 .text.nvgfxGetFramebuffer
                0x00000000000059a0       0x4c C:/tools/msys64/opt/devkitpro/libnx/lib\libnx.a(nvgfx.o)
                0x00000000000059a0                nvgfxGetFramebuffer
 *fill*         0x00000000000059ec        0x4 
 .text.envSetup
                0x00000000000059f0      0x208 C:/tools/msys64/opt/devkitpro/libnx/lib\libnx.a(env.o)
                0x00000000000059f0                envSetup
 *fill*         0x0000000000005bf8        0x8 
 .text.envGetMainThreadHandle
                0x0000000000005c00       0x20 C:/tools/msys64/opt/devkitpro/libnx/lib\libnx.a(env.o)
                0x0000000000005c00                envGetMainThreadHandle
 .text.envIsNso
                0x0000000000005c20        0xc C:/tools/msys64/opt/devkitpro/libnx/lib\libnx.a(env.o)
                0x0000000000005c20                envIsNso
 *fill*         0x0000000000005c2c        0x4 
 .text.envHasHeapOverride
                0x0000000000005c30       0x14 C:/tools/msys64/opt/devkitpro/libnx/lib\libnx.a(env.o)
                0x0000000000005c30                envHasHeapOverride
 *fill*         0x0000000000005c44        0xc 
 .text.envGetHeapOverrideAddr
                0x0000000000005c50        0xc C:/tools/msys64/opt/devkitpro/libnx/lib\libnx.a(env.o)
                0x0000000000005c50                envGetHeapOverrideAddr
 *fill*         0x0000000000005c5c        0x4 
 .text.envGetHeapOverrideSize
                0x0000000000005c60        0xc C:/tools/msys64/opt/devkitpro/libnx/lib\libnx.a(env.o)
                0x0000000000005c60                envGetHeapOverrideSize
 *fill*         0x0000000000005c6c        0x4 
 .text.envHasArgv
                0x0000000000005c70       0x14 C:/tools/msys64/opt/devkitpro/libnx/lib\libnx.a(env.o)
                0x0000000000005c70                envHasArgv
 *fill*         0x0000000000005c84        0xc 
 .text.envGetArgv
                0x0000000000005c90        0xc C:/tools/msys64/opt/devkitpro/libnx/lib\libnx.a(env.o)
                0x0000000000005c90                envGetArgv
 *fill*         0x0000000000005c9c        0x4 
 .text.envGetExitFuncPtr
                0x0000000000005ca0        0xc C:/tools/msys64/opt/devkitpro/libnx/lib\libnx.a(env.o)
                0x0000000000005ca0                envGetExitFuncPtr
 *fill*         0x0000000000005cac        0x4 
 .text.envSetExitFuncPtr
                0x0000000000005cb0        0xc C:/tools/msys64/opt/devkitpro/libnx/lib\libnx.a(env.o)
                0x0000000000005cb0                envSetExitFuncPtr
 .text.armDCacheFlush
                0x0000000000005cbc       0x3c C:/tools/msys64/opt/devkitpro/libnx/lib\libnx.a(cache.o)
                0x0000000000005cbc                armDCacheFlush
 .text.svcSetHeapSize
                0x0000000000005cf8       0x14 C:/tools/msys64/opt/devkitpro/libnx/lib\libnx.a(svc.o)
                0x0000000000005cf8                svcSetHeapSize
 .text.svcUnmapMemory
                0x0000000000005d0c        0x8 C:/tools/msys64/opt/devkitpro/libnx/lib\libnx.a(svc.o)
                0x0000000000005d0c                svcUnmapMemory
 .text.svcQueryMemory
                0x0000000000005d14       0x14 C:/tools/msys64/opt/devkitpro/libnx/lib\libnx.a(svc.o)
                0x0000000000005d14                svcQueryMemory
 .text.svcExitProcess
                0x0000000000005d28        0x8 C:/tools/msys64/opt/devkitpro/libnx/lib\libnx.a(svc.o)
                0x0000000000005d28                svcExitProcess
 .text.svcSleepThread
                0x0000000000005d30        0x8 C:/tools/msys64/opt/devkitpro/libnx/lib\libnx.a(svc.o)
                0x0000000000005d30                svcSleepThread
 .text.svcMapSharedMemory
                0x0000000000005d38        0x8 C:/tools/msys64/opt/devkitpro/libnx/lib\libnx.a(svc.o)
                0x0000000000005d38                svcMapSharedMemory
 .text.svcUnmapSharedMemory
                0x0000000000005d40        0x8 C:/tools/msys64/opt/devkitpro/libnx/lib\libnx.a(svc.o)
                0x0000000000005d40                svcUnmapSharedMemory
 .text.svcCreateTransferMemory
                0x0000000000005d48       0x14 C:/tools/msys64/opt/devkitpro/libnx/lib\libnx.a(svc.o)
                0x0000000000005d48                svcCreateTransferMemory
 .text.svcCloseHandle
                0x0000000000005d5c        0x8 C:/tools/msys64/opt/devkitpro/libnx/lib\libnx.a(svc.o)
                0x0000000000005d5c                svcCloseHandle
 .text.svcResetSignal
                0x0000000000005d64        0x8 C:/tools/msys64/opt/devkitpro/libnx/lib\libnx.a(svc.o)
                0x0000000000005d64                svcResetSignal
 .text.svcWaitSynchronization
                0x0000000000005d6c       0x14 C:/tools/msys64/opt/devkitpro/libnx/lib\libnx.a(svc.o)
                0x0000000000005d6c                svcWaitSynchronization
 .text.svcArbitrateLock
                0x0000000000005d80        0x8 C:/tools/msys64/opt/devkitpro/libnx/lib\libnx.a(svc.o)
                0x0000000000005d80                svcArbitrateLock
 .text.svcArbitrateUnlock
                0x0000000000005d88        0x8 C:/tools/msys64/opt/devkitpro/libnx/lib\libnx.a(svc.o)
                0x0000000000005d88                svcArbitrateUnlock
 .text.svcConnectToNamedPort
                0x0000000000005d90       0x14 C:/tools/msys64/opt/devkitpro/libnx/lib\libnx.a(svc.o)
                0x0000000000005d90                svcConnectToNamedPort
 .text.svcSendSyncRequest
                0x0000000000005da4        0x8 C:/tools/msys64/opt/devkitpro/libnx/lib\libnx.a(svc.o)
                0x0000000000005da4                svcSendSyncRequest
 .text.svcBreak
                0x0000000000005dac        0x8 C:/tools/msys64/opt/devkitpro/libnx/lib\libnx.a(svc.o)
                0x0000000000005dac                svcBreak
 .text.svcGetInfo
                0x0000000000005db4       0x14 C:/tools/msys64/opt/devkitpro/libnx/lib\libnx.a(svc.o)
                0x0000000000005db4                svcGetInfo
 .text.svcUnmapTransferMemory
                0x0000000000005dc8        0x8 C:/tools/msys64/opt/devkitpro/libnx/lib\libnx.a(svc.o)
                0x0000000000005dc8                svcUnmapTransferMemory
 .text._CacheValues
                0x0000000000005dd0      0x180 C:/tools/msys64/opt/devkitpro/libnx/lib\libnx.a(detect.o)
 .text.kernelAbove200
                0x0000000000005f50       0x1c C:/tools/msys64/opt/devkitpro/libnx/lib\libnx.a(detect.o)
                0x0000000000005f50                kernelAbove200
 *fill*         0x0000000000005f6c        0x4 
 .text.kernelAbove300
                0x0000000000005f70       0x1c C:/tools/msys64/opt/devkitpro/libnx/lib\libnx.a(detect.o)
                0x0000000000005f70                kernelAbove300
 *fill*         0x0000000000005f8c        0x4 
 .text.detectDebugger
                0x0000000000005f90       0x30 C:/tools/msys64/opt/devkitpro/libnx/lib\libnx.a(detect.o)
                0x0000000000005f90                detectDebugger
 .text.shmemLoadRemote
                0x0000000000005fc0       0x14 C:/tools/msys64/opt/devkitpro/libnx/lib\libnx.a(shmem.o)
                0x0000000000005fc0                shmemLoadRemote
 *fill*         0x0000000000005fd4        0xc 
 .text.shmemMap
                0x0000000000005fe0       0x84 C:/tools/msys64/opt/devkitpro/libnx/lib\libnx.a(shmem.o)
                0x0000000000005fe0                shmemMap
 *fill*         0x0000000000006064        0xc 
 .text.shmemUnmap
                0x0000000000006070       0x58 C:/tools/msys64/opt/devkitpro/libnx/lib\libnx.a(shmem.o)
                0x0000000000006070                shmemUnmap
 *fill*         0x00000000000060c8        0x8 
 .text.shmemClose
                0x00000000000060d0       0x44 C:/tools/msys64/opt/devkitpro/libnx/lib\libnx.a(shmem.o)
                0x00000000000060d0                shmemClose
 *fill*         0x0000000000006114        0xc 
 .text.rwlockReadLock
                0x0000000000006120       0x4c C:/tools/msys64/opt/devkitpro/libnx/lib\libnx.a(rwlock.o)
                0x0000000000006120                rwlockReadLock
 *fill*         0x000000000000616c        0x4 
 .text.rwlockReadUnlock
                0x0000000000006170       0x4c C:/tools/msys64/opt/devkitpro/libnx/lib\libnx.a(rwlock.o)
                0x0000000000006170                rwlockReadUnlock
 *fill*         0x00000000000061bc        0x4 
 .text.rwlockWriteLock
                0x00000000000061c0        0x8 C:/tools/msys64/opt/devkitpro/libnx/lib\libnx.a(rwlock.o)
                0x00000000000061c0                rwlockWriteLock
 *fill*         0x00000000000061c8        0x8 
 .text.rwlockWriteUnlock
                0x00000000000061d0        0x8 C:/tools/msys64/opt/devkitpro/libnx/lib\libnx.a(rwlock.o)
                0x00000000000061d0                rwlockWriteUnlock
 *fill*         0x00000000000061d8        0x8 
 .text.tmemCreate
                0x00000000000061e0       0xa8 C:/tools/msys64/opt/devkitpro/libnx/lib\libnx.a(tmem.o)
                0x00000000000061e0                tmemCreate
 *fill*         0x0000000000006288        0x8 
 .text.tmemUnmap
                0x0000000000006290       0x58 C:/tools/msys64/opt/devkitpro/libnx/lib\libnx.a(tmem.o)
                0x0000000000006290                tmemUnmap
 *fill*         0x00000000000062e8        0x8 
 .text.tmemClose
                0x00000000000062f0       0x68 C:/tools/msys64/opt/devkitpro/libnx/lib\libnx.a(tmem.o)
                0x00000000000062f0                tmemClose
 *fill*         0x0000000000006358        0x8 
 .text.mutexLock
                0x0000000000006360       0x8c C:/tools/msys64/opt/devkitpro/libnx/lib\libnx.a(mutex.o)
                0x0000000000006360                mutexLock
 *fill*         0x00000000000063ec        0x4 
 .text.mutexUnlock
                0x00000000000063f0       0x30 C:/tools/msys64/opt/devkitpro/libnx/lib\libnx.a(mutex.o)
                0x00000000000063f0                mutexUnlock
 .text.rmutexLock
                0x0000000000006420       0x4c C:/tools/msys64/opt/devkitpro/libnx/lib\libnx.a(mutex.o)
                0x0000000000006420                rmutexLock
 *fill*         0x000000000000646c        0x4 
 .text.rmutexUnlock
                0x0000000000006470       0x1c C:/tools/msys64/opt/devkitpro/libnx/lib\libnx.a(mutex.o)
                0x0000000000006470                rmutexUnlock
 *fill*         0x000000000000648c        0x4 
 .text._GetRegionFromInfo.isra.1
                0x0000000000006490       0x7c C:/tools/msys64/opt/devkitpro/libnx/lib\libnx.a(virtmem.o)
 *fill*         0x000000000000650c        0x4 
 .text.virtmemSetup
                0x0000000000006510      0x114 C:/tools/msys64/opt/devkitpro/libnx/lib\libnx.a(virtmem.o)
                0x0000000000006510                virtmemSetup
 *fill*         0x0000000000006624        0xc 
 .text.virtmemReserve
                0x0000000000006630      0x13c C:/tools/msys64/opt/devkitpro/libnx/lib\libnx.a(virtmem.o)
                0x0000000000006630                virtmemReserve
 *fill*         0x000000000000676c        0x4 
 .text.virtmemFree
                0x0000000000006770        0x4 C:/tools/msys64/opt/devkitpro/libnx/lib\libnx.a(virtmem.o)
                0x0000000000006770                virtmemFree
 *fill*         0x0000000000006774        0xc 
 .text.eventLoadRemote
                0x0000000000006780        0xc C:/tools/msys64/opt/devkitpro/libnx/lib\libnx.a(event.o)
                0x0000000000006780                eventLoadRemote
 *fill*         0x000000000000678c        0x4 
 .text.eventWait
                0x0000000000006790      0x11c C:/tools/msys64/opt/devkitpro/libnx/lib\libnx.a(event.o)
                0x0000000000006790                eventWait
 *fill*         0x00000000000068ac        0x4 
 .text.eventClose
                0x00000000000068b0       0x50 C:/tools/msys64/opt/devkitpro/libnx/lib\libnx.a(event.o)
                0x00000000000068b0                eventClose
 .text.ipcCloseObjectById
                0x0000000000006900       0x34 C:/tools/msys64/opt/devkitpro/libnx/lib\libnx.a(nv.o)
 *fill*         0x0000000000006934        0xc 
 .text.ipcQueryPointerBufferSize.constprop.10
                0x0000000000006940       0xc8 C:/tools/msys64/opt/devkitpro/libnx/lib\libnx.a(nv.o)
 *fill*         0x0000000000006a08        0x8 
 .text.ipcCloneSession.constprop.9
                0x0000000000006a10      0x10c C:/tools/msys64/opt/devkitpro/libnx/lib\libnx.a(nv.o)
 *fill*         0x0000000000006b1c        0x4 
 .text._nvSetClientPID
                0x0000000000006b20       0xd8 C:/tools/msys64/opt/devkitpro/libnx/lib\libnx.a(nv.o)
 *fill*         0x0000000000006bf8        0x8 
 .text._nvInitialize.constprop.8
                0x0000000000006c00       0xf0 C:/tools/msys64/opt/devkitpro/libnx/lib\libnx.a(nv.o)
 .text.nvExit   0x0000000000006cf0      0x108 C:/tools/msys64/opt/devkitpro/libnx/lib\libnx.a(nv.o)
                0x0000000000006cf0                nvExit
 *fill*         0x0000000000006df8        0x8 
 .text.nvInitialize
                0x0000000000006e00      0x178 C:/tools/msys64/opt/devkitpro/libnx/lib\libnx.a(nv.o)
                0x0000000000006e00                nvInitialize
 *fill*         0x0000000000006f78        0x8 
 .text.nvConvertError
                0x0000000000006f80      0x12c C:/tools/msys64/opt/devkitpro/libnx/lib\libnx.a(nv.o)
                0x0000000000006f80                nvConvertError
 *fill*         0x00000000000070ac        0x4 
 .text.nvOpen   0x00000000000070b0      0x12c C:/tools/msys64/opt/devkitpro/libnx/lib\libnx.a(nv.o)
                0x00000000000070b0                nvOpen
 *fill*         0x00000000000071dc        0x4 
 .text.nvIoctl  0x00000000000071e0      0x270 C:/tools/msys64/opt/devkitpro/libnx/lib\libnx.a(nv.o)
                0x00000000000071e0                nvIoctl
 .text.nvClose  0x0000000000007450       0xdc C:/tools/msys64/opt/devkitpro/libnx/lib\libnx.a(nv.o)
                0x0000000000007450                nvClose
 *fill*         0x000000000000752c        0x4 
 .text.nvQueryEvent
                0x0000000000007530      0x15c C:/tools/msys64/opt/devkitpro/libnx/lib\libnx.a(nv.o)
                0x0000000000007530                nvQueryEvent
 *fill*         0x000000000000768c        0x4 
 .text.ipcCloseObjectById
                0x0000000000007690       0x34 C:/tools/msys64/opt/devkitpro/libnx/lib\libnx.a(vi.o)
 *fill*         0x00000000000076c4        0xc 
 .text._viGetSession.constprop.7
                0x00000000000076d0      0x134 C:/tools/msys64/opt/devkitpro/libnx/lib\libnx.a(vi.o)
 *fill*         0x0000000000007804        0xc 
 .text.viExit   0x0000000000007810      0x1e4 C:/tools/msys64/opt/devkitpro/libnx/lib\libnx.a(vi.o)
                0x0000000000007810                viExit
 *fill*         0x00000000000079f4        0xc 
 .text.viInitialize
                0x0000000000007a00      0x304 C:/tools/msys64/opt/devkitpro/libnx/lib\libnx.a(vi.o)
                0x0000000000007a00                viInitialize
 *fill*         0x0000000000007d04        0xc 
 .text.viGetSession_IHOSBinderDriverRelay
                0x0000000000007d10        0xc C:/tools/msys64/opt/devkitpro/libnx/lib\libnx.a(vi.o)
                0x0000000000007d10                viGetSession_IHOSBinderDriverRelay
 *fill*         0x0000000000007d1c        0x4 
 .text.viOpenDisplay
                0x0000000000007d20      0x140 C:/tools/msys64/opt/devkitpro/libnx/lib\libnx.a(vi.o)
                0x0000000000007d20                viOpenDisplay
 .text.viCloseDisplay
                0x0000000000007e60      0x104 C:/tools/msys64/opt/devkitpro/libnx/lib\libnx.a(vi.o)
                0x0000000000007e60                viCloseDisplay
 *fill*         0x0000000000007f64        0xc 
 .text.viGetDisplayVsyncEvent
                0x0000000000007f70      0x13c C:/tools/msys64/opt/devkitpro/libnx/lib\libnx.a(vi.o)
                0x0000000000007f70                viGetDisplayVsyncEvent
 *fill*         0x00000000000080ac        0x4 
 .text.viCloseLayer
                0x00000000000080b0      0x104 C:/tools/msys64/opt/devkitpro/libnx/lib\libnx.a(vi.o)
                0x00000000000080b0                viCloseLayer
 *fill*         0x00000000000081b4        0xc 
 .text.viCreateLayer
                0x00000000000081c0      0x320 C:/tools/msys64/opt/devkitpro/libnx/lib\libnx.a(vi.o)
                0x00000000000081c0                viCreateLayer
 .text.viSetLayerScalingMode
                0x00000000000084e0       0xe8 C:/tools/msys64/opt/devkitpro/libnx/lib\libnx.a(vi.o)
                0x00000000000084e0                viSetLayerScalingMode
 *fill*         0x00000000000085c8        0x8 
 .text._nvFenceEventWaitCommon
                0x00000000000085d0       0x60 C:/tools/msys64/opt/devkitpro/libnx/lib\libnx.a(fence.o)
 .text.nvFenceInit
                0x0000000000008630       0x5c C:/tools/msys64/opt/devkitpro/libnx/lib\libnx.a(fence.o)
                0x0000000000008630                nvFenceInit
 *fill*         0x000000000000868c        0x4 
 .text.nvFenceExit
                0x0000000000008690       0x98 C:/tools/msys64/opt/devkitpro/libnx/lib\libnx.a(fence.o)
                0x0000000000008690                nvFenceExit
 *fill*         0x0000000000008728        0x8 
 .text.nvFenceWait
                0x0000000000008730      0x1e0 C:/tools/msys64/opt/devkitpro/libnx/lib\libnx.a(fence.o)
                0x0000000000008730                nvFenceWait
 .text.nvMultiFenceWait
                0x0000000000008910       0x7c C:/tools/msys64/opt/devkitpro/libnx/lib\libnx.a(fence.o)
                0x0000000000008910                nvMultiFenceWait
 *fill*         0x000000000000898c        0x4 
 .text.nvioctlNvhostCtrl_EventSignal
                0x0000000000008990       0x24 C:/tools/msys64/opt/devkitpro/libnx/lib\libnx.a(nvhost-ctrl.o)
                0x0000000000008990                nvioctlNvhostCtrl_EventSignal
 *fill*         0x00000000000089b4        0xc 
 .text.nvioctlNvhostCtrl_EventWait
                0x00000000000089c0       0x3c C:/tools/msys64/opt/devkitpro/libnx/lib\libnx.a(nvhost-ctrl.o)
                0x00000000000089c0                nvioctlNvhostCtrl_EventWait
 *fill*         0x00000000000089fc        0x4 
 .text.nvioctlNvhostCtrl_EventWaitAsync
                0x0000000000008a00       0x28 C:/tools/msys64/opt/devkitpro/libnx/lib\libnx.a(nvhost-ctrl.o)
                0x0000000000008a00                nvioctlNvhostCtrl_EventWaitAsync
 *fill*         0x0000000000008a28        0x8 
 .text.nvioctlNvhostCtrl_EventRegister
                0x0000000000008a30       0x24 C:/tools/msys64/opt/devkitpro/libnx/lib\libnx.a(nvhost-ctrl.o)
                0x0000000000008a30                nvioctlNvhostCtrl_EventRegister
 *fill*         0x0000000000008a54        0xc 
 .text.nvioctlNvhostCtrl_EventUnregister
                0x0000000000008a60       0x24 C:/tools/msys64/opt/devkitpro/libnx/lib\libnx.a(nvhost-ctrl.o)
                0x0000000000008a60                nvioctlNvhostCtrl_EventUnregister
 *fill*         0x0000000000008a84        0xc 
 .text.nvioctlNvmap_Create
                0x0000000000008a90       0x3c C:/tools/msys64/opt/devkitpro/libnx/lib\libnx.a(nvmap.o)
                0x0000000000008a90                nvioctlNvmap_Create
 *fill*         0x0000000000008acc        0x4 
 .text.nvioctlNvmap_Alloc
                0x0000000000008ad0       0x30 C:/tools/msys64/opt/devkitpro/libnx/lib\libnx.a(nvmap.o)
                0x0000000000008ad0                nvioctlNvmap_Alloc
 .text.nvioctlNvmap_GetId
                0x0000000000008b00       0x3c C:/tools/msys64/opt/devkitpro/libnx/lib\libnx.a(nvmap.o)
                0x0000000000008b00                nvioctlNvmap_GetId
 *fill*         0x0000000000008b3c        0x4 
 .text.bqRequestBuffer
                0x0000000000008b40       0xf0 C:/tools/msys64/opt/devkitpro/libnx/lib\libnx.a(buffer_producer.o)
                0x0000000000008b40                bqRequestBuffer
 .text.bqDequeueBuffer
                0x0000000000008c30      0x154 C:/tools/msys64/opt/devkitpro/libnx/lib\libnx.a(buffer_producer.o)
                0x0000000000008c30                bqDequeueBuffer
 *fill*         0x0000000000008d84        0xc 
 .text.bqDetachBuffer
                0x0000000000008d90       0x9c C:/tools/msys64/opt/devkitpro/libnx/lib\libnx.a(buffer_producer.o)
                0x0000000000008d90                bqDetachBuffer
 *fill*         0x0000000000008e2c        0x4 
 .text.bqQueueBuffer
                0x0000000000008e30       0xe0 C:/tools/msys64/opt/devkitpro/libnx/lib\libnx.a(buffer_producer.o)
                0x0000000000008e30                bqQueueBuffer
 .text.bqCancelBuffer
                0x0000000000008f10       0x90 C:/tools/msys64/opt/devkitpro/libnx/lib\libnx.a(buffer_producer.o)
                0x0000000000008f10                bqCancelBuffer
 .text.bqConnect
                0x0000000000008fa0       0xe4 C:/tools/msys64/opt/devkitpro/libnx/lib\libnx.a(buffer_producer.o)
                0x0000000000008fa0                bqConnect
 *fill*         0x0000000000009084        0xc 
 .text.bqDisconnect
                0x0000000000009090       0x9c C:/tools/msys64/opt/devkitpro/libnx/lib\libnx.a(buffer_producer.o)
                0x0000000000009090                bqDisconnect
 *fill*         0x000000000000912c        0x4 
 .text.bqSetPreallocatedBuffer
                0x0000000000009130       0xb4 C:/tools/msys64/opt/devkitpro/libnx/lib\libnx.a(buffer_producer.o)
                0x0000000000009130                bqSetPreallocatedBuffer
 *fill*         0x00000000000091e4        0xc 
 .text._binderTransactParcelAuto
                0x00000000000091f0      0x248 C:/tools/msys64/opt/devkitpro/libnx/lib\libnx.a(binder.o)
 *fill*         0x0000000000009438        0x8 
 .text.ipcQueryPointerBufferSize
                0x0000000000009440       0xc8 C:/tools/msys64/opt/devkitpro/libnx/lib\libnx.a(binder.o)
 *fill*         0x0000000000009508        0x8 
 .text._binderTransactParcel
                0x0000000000009510      0x138 C:/tools/msys64/opt/devkitpro/libnx/lib\libnx.a(binder.o)
 *fill*         0x0000000000009648        0x8 
 .text.binderCreate
                0x0000000000009650       0x14 C:/tools/msys64/opt/devkitpro/libnx/lib\libnx.a(binder.o)
                0x0000000000009650                binderCreate
 *fill*         0x0000000000009664        0xc 
 .text.binderTransactParcel
                0x0000000000009670       0x10 C:/tools/msys64/opt/devkitpro/libnx/lib\libnx.a(binder.o)
                0x0000000000009670                binderTransactParcel
 .text.binderConvertErrorCode
                0x0000000000009680      0x124 C:/tools/msys64/opt/devkitpro/libnx/lib\libnx.a(binder.o)
                0x0000000000009680                binderConvertErrorCode
 *fill*         0x00000000000097a4        0xc 
 .text.binderAdjustRefcount
                0x00000000000097b0       0xe8 C:/tools/msys64/opt/devkitpro/libnx/lib\libnx.a(binder.o)
                0x00000000000097b0                binderAdjustRefcount
 *fill*         0x0000000000009898        0x8 
 .text.binderClose
                0x00000000000098a0       0x74 C:/tools/msys64/opt/devkitpro/libnx/lib\libnx.a(binder.o)
                0x00000000000098a0                binderClose
 *fill*         0x0000000000009914        0xc 
 .text.binderInitSession
                0x0000000000009920       0xc4 C:/tools/msys64/opt/devkitpro/libnx/lib\libnx.a(binder.o)
                0x0000000000009920                binderInitSession
 *fill*         0x00000000000099e4        0xc 
 .text.binderGetNativeHandle
                0x00000000000099f0      0x144 C:/tools/msys64/opt/devkitpro/libnx/lib\libnx.a(binder.o)
                0x00000000000099f0                binderGetNativeHandle
 *fill*         0x0000000000009b34        0xc 
 .text.parcelCreate
                0x0000000000009b40       0x28 C:/tools/msys64/opt/devkitpro/libnx/lib\libnx.a(parcel.o)
                0x0000000000009b40                parcelCreate
 *fill*         0x0000000000009b68        0x8 
 .text.parcelTransact
                0x0000000000009b70      0x19c C:/tools/msys64/opt/devkitpro/libnx/lib\libnx.a(parcel.o)
                0x0000000000009b70                parcelTransact
 *fill*         0x0000000000009d0c        0x4 
 .text.parcelWriteData
                0x0000000000009d10       0x88 C:/tools/msys64/opt/devkitpro/libnx/lib\libnx.a(parcel.o)
                0x0000000000009d10                parcelWriteData
 *fill*         0x0000000000009d98        0x8 
 .text.parcelReadData
                0x0000000000009da0       0x98 C:/tools/msys64/opt/devkitpro/libnx/lib\libnx.a(parcel.o)
                0x0000000000009da0                parcelReadData
 *fill*         0x0000000000009e38        0x8 
 .text.parcelWriteInt32
                0x0000000000009e40       0x20 C:/tools/msys64/opt/devkitpro/libnx/lib\libnx.a(parcel.o)
                0x0000000000009e40                parcelWriteInt32
 .text.parcelWriteUInt32
                0x0000000000009e60       0x20 C:/tools/msys64/opt/devkitpro/libnx/lib\libnx.a(parcel.o)
                0x0000000000009e60                parcelWriteUInt32
 .text.parcelWriteString16
                0x0000000000009e80       0x80 C:/tools/msys64/opt/devkitpro/libnx/lib\libnx.a(parcel.o)
                0x0000000000009e80                parcelWriteString16
 .text.parcelWriteInterfaceToken
                0x0000000000009f00       0x30 C:/tools/msys64/opt/devkitpro/libnx/lib\libnx.a(parcel.o)
                0x0000000000009f00                parcelWriteInterfaceToken
 .text.parcelReadInt32
                0x0000000000009f30       0x24 C:/tools/msys64/opt/devkitpro/libnx/lib\libnx.a(parcel.o)
                0x0000000000009f30                parcelReadInt32
 *fill*         0x0000000000009f54        0xc 
 .text.parcelReadFlattenedObject
                0x0000000000009f60       0x68 C:/tools/msys64/opt/devkitpro/libnx/lib\libnx.a(parcel.o)
                0x0000000000009f60                parcelReadFlattenedObject
 *fill*         0x0000000000009fc8        0x8 
 .text.parcelWriteFlattenedObject
                0x0000000000009fd0       0x44 C:/tools/msys64/opt/devkitpro/libnx/lib\libnx.a(parcel.o)
                0x0000000000009fd0                parcelWriteFlattenedObject
 *fill*         0x000000000000a014        0xc 
 .text.__nx_dynamic
                0x000000000000a020       0xa0 C:/tools/msys64/opt/devkitpro/libnx/lib\libnx.a(dynamic.o)
                0x000000000000a020                __nx_dynamic
 .text.__libnx_initheap
                0x000000000000a0c0       0xd8 C:/tools/msys64/opt/devkitpro/libnx/lib\libnx.a(init.o)
                0x000000000000a0c0                __libnx_initheap
 *fill*         0x000000000000a198        0x8 
 .text.__appInit
                0x000000000000a1a0       0x90 C:/tools/msys64/opt/devkitpro/libnx/lib\libnx.a(init.o)
                0x000000000000a1a0                __appInit
 .text.__appExit
                0x000000000000a230       0x34 C:/tools/msys64/opt/devkitpro/libnx/lib\libnx.a(init.o)
                0x000000000000a230                __appExit
 *fill*         0x000000000000a264        0xc 
 .text.__libnx_init
                0x000000000000a270       0x28 C:/tools/msys64/opt/devkitpro/libnx/lib\libnx.a(init.o)
                0x000000000000a270                __libnx_init
 *fill*         0x000000000000a298        0x8 
 .text.__libnx_exit
                0x000000000000a2a0       0x20 C:/tools/msys64/opt/devkitpro/libnx/lib\libnx.a(init.o)
                0x000000000000a2a0                __libnx_exit
 .text.mutexInit
                0x000000000000a2c0        0x8 C:/tools/msys64/opt/devkitpro/libnx/lib\libnx.a(newlib.o)
 *fill*         0x000000000000a2c8        0x8 
 .text.rmutexInit
                0x000000000000a2d0        0xc C:/tools/msys64/opt/devkitpro/libnx/lib\libnx.a(newlib.o)
 *fill*         0x000000000000a2dc        0x4 
 .text.__libnx_gtod
                0x000000000000a2e0       0x8c C:/tools/msys64/opt/devkitpro/libnx/lib\libnx.a(newlib.o)
                0x000000000000a2e0                __libnx_gtod
 *fill*         0x000000000000a36c        0x4 
 .text.__libnx_clock_settime
                0x000000000000a370       0x20 C:/tools/msys64/opt/devkitpro/libnx/lib\libnx.a(newlib.o)
                0x000000000000a370                __libnx_clock_settime
 .text.__libnx_nanosleep
                0x000000000000a390       0x28 C:/tools/msys64/opt/devkitpro/libnx/lib\libnx.a(newlib.o)
                0x000000000000a390                __libnx_nanosleep
 *fill*         0x000000000000a3b8        0x8 
 .text.__libnx_get_reent
                0x000000000000a3c0       0x34 C:/tools/msys64/opt/devkitpro/libnx/lib\libnx.a(newlib.o)
 *fill*         0x000000000000a3f4        0xc 
 .text.__libnx_clock_gettime
                0x000000000000a400       0xf8 C:/tools/msys64/opt/devkitpro/libnx/lib\libnx.a(newlib.o)
                0x000000000000a400                __libnx_clock_gettime
 *fill*         0x000000000000a4f8        0x8 
 .text.__libnx_clock_getres
                0x000000000000a500       0x58 C:/tools/msys64/opt/devkitpro/libnx/lib\libnx.a(newlib.o)
                0x000000000000a500                __libnx_clock_getres
 *fill*         0x000000000000a558        0x8 
 .text.__libnx_init_time
                0x000000000000a560      0x27c C:/tools/msys64/opt/devkitpro/libnx/lib\libnx.a(newlib.o)
                0x000000000000a560                __libnx_init_time
 *fill*         0x000000000000a7dc        0x4 
 .text.newlibSetup
                0x000000000000a7e0      0x118 C:/tools/msys64/opt/devkitpro/libnx/lib\libnx.a(newlib.o)
                0x000000000000a7e0                newlibSetup
 *fill*         0x000000000000a8f8        0x8 
 .text.argvSetup
                0x000000000000a900      0x368 C:/tools/msys64/opt/devkitpro/libnx/lib\libnx.a(argv.o)
                0x000000000000a900                argvSetup
 *fill*         0x000000000000ac68        0x8 
 .text.fsdev_link
                0x000000000000ac70       0x10 C:/tools/msys64/opt/devkitpro/libnx/lib\libnx.a(fs_dev.o)
 .text.fsdev_dirreset
                0x000000000000ac80       0x10 C:/tools/msys64/opt/devkitpro/libnx/lib\libnx.a(fs_dev.o)
 .text.fsdev_chmod
                0x000000000000ac90       0x10 C:/tools/msys64/opt/devkitpro/libnx/lib\libnx.a(fs_dev.o)
 .text.error_cmp
                0x000000000000aca0       0x1c C:/tools/msys64/opt/devkitpro/libnx/lib\libnx.a(fs_dev.o)
 *fill*         0x000000000000acbc        0x4 
 .text.fsdev_translate_error
                0x000000000000acc0       0x58 C:/tools/msys64/opt/devkitpro/libnx/lib\libnx.a(fs_dev.o)
 *fill*         0x000000000000ad18        0x8 
 .text.fsdev_fsync
                0x000000000000ad20       0x40 C:/tools/msys64/opt/devkitpro/libnx/lib\libnx.a(fs_dev.o)
 .text.fsdev_ftruncate
                0x000000000000ad60       0x60 C:/tools/msys64/opt/devkitpro/libnx/lib\libnx.a(fs_dev.o)
 .text.fsdev_dirclose
                0x000000000000adc0       0x20 C:/tools/msys64/opt/devkitpro/libnx/lib\libnx.a(fs_dev.o)
 .text.fsdev_dirnext
                0x000000000000ade0      0x16c C:/tools/msys64/opt/devkitpro/libnx/lib\libnx.a(fs_dev.o)
 *fill*         0x000000000000af4c        0x4 
 .text.fsdev_close
                0x000000000000af50       0x1c C:/tools/msys64/opt/devkitpro/libnx/lib\libnx.a(fs_dev.o)
 *fill*         0x000000000000af6c        0x4 
 .text.fsdev_fstat
                0x000000000000af70       0x80 C:/tools/msys64/opt/devkitpro/libnx/lib\libnx.a(fs_dev.o)
 .text.fsdev_seek
                0x000000000000aff0       0xb0 C:/tools/msys64/opt/devkitpro/libnx/lib\libnx.a(fs_dev.o)
 .text.fsdev_read
                0x000000000000b0a0      0x198 C:/tools/msys64/opt/devkitpro/libnx/lib\libnx.a(fs_dev.o)
 *fill*         0x000000000000b238        0x8 
 .text.fsdev_write
                0x000000000000b240      0x1a0 C:/tools/msys64/opt/devkitpro/libnx/lib\libnx.a(fs_dev.o)
 .text.fsdevFindDevice
                0x000000000000b3e0      0x120 C:/tools/msys64/opt/devkitpro/libnx/lib\libnx.a(fs_dev.o)
 .text._fsdevMountDevice
                0x000000000000b500      0x168 C:/tools/msys64/opt/devkitpro/libnx/lib\libnx.a(fs_dev.o)
 *fill*         0x000000000000b668        0x8 
 .text.fsdev_getfspath
                0x000000000000b670      0x1fc C:/tools/msys64/opt/devkitpro/libnx/lib\libnx.a(fs_dev.o)
 *fill*         0x000000000000b86c        0x4 
 .text.fsdev_rmdir
                0x000000000000b870       0x70 C:/tools/msys64/opt/devkitpro/libnx/lib\libnx.a(fs_dev.o)
 .text.fsdev_statvfs
                0x000000000000b8e0       0xd4 C:/tools/msys64/opt/devkitpro/libnx/lib\libnx.a(fs_dev.o)
 *fill*         0x000000000000b9b4        0xc 
 .text.fsdev_diropen
                0x000000000000b9c0       0xec C:/tools/msys64/opt/devkitpro/libnx/lib\libnx.a(fs_dev.o)
 *fill*         0x000000000000baac        0x4 
 .text.fsdev_mkdir
                0x000000000000bab0       0x70 C:/tools/msys64/opt/devkitpro/libnx/lib\libnx.a(fs_dev.o)
 .text.fsdev_rename
                0x000000000000bb20      0x114 C:/tools/msys64/opt/devkitpro/libnx/lib\libnx.a(fs_dev.o)
 *fill*         0x000000000000bc34        0xc 
 .text.fsdev_chdir
                0x000000000000bc40       0xe8 C:/tools/msys64/opt/devkitpro/libnx/lib\libnx.a(fs_dev.o)
 *fill*         0x000000000000bd28        0x8 
 .text.fsdev_unlink
                0x000000000000bd30       0x70 C:/tools/msys64/opt/devkitpro/libnx/lib\libnx.a(fs_dev.o)
 .text.fsdev_stat
                0x000000000000bda0      0x168 C:/tools/msys64/opt/devkitpro/libnx/lib\libnx.a(fs_dev.o)
 *fill*         0x000000000000bf08        0x8 
 .text.fsdev_open
                0x000000000000bf10      0x180 C:/tools/msys64/opt/devkitpro/libnx/lib\libnx.a(fs_dev.o)
 .text._fsdevUnmountDeviceStruct.part.4
                0x000000000000c090       0xb8 C:/tools/msys64/opt/devkitpro/libnx/lib\libnx.a(fs_dev.o)
 *fill*         0x000000000000c148        0x8 
 .text.fsdev_fchmod
                0x000000000000c150       0x10 C:/tools/msys64/opt/devkitpro/libnx/lib\libnx.a(fs_dev.o)
 .text.fsdevMountSdmc
                0x000000000000c160      0x158 C:/tools/msys64/opt/devkitpro/libnx/lib\libnx.a(fs_dev.o)
                0x000000000000c160                fsdevMountSdmc
 *fill*         0x000000000000c2b8        0x8 
 .text.fsdevUnmountAll
                0x000000000000c2c0       0x64 C:/tools/msys64/opt/devkitpro/libnx/lib\libnx.a(fs_dev.o)
                0x000000000000c2c0                fsdevUnmountAll
 *fill*         0x000000000000c324        0xc 
 .text.decode_utf8
                0x000000000000c330      0x12c C:/tools/msys64/opt/devkitpro/libnx/lib\libnx.a(decode_utf8.o)
                0x000000000000c330                decode_utf8
 .text.__aarch64_read_tp
                0x000000000000c45c        0xc C:/tools/msys64/opt/devkitpro/libnx/lib\libnx.a(readtp.o)
                0x000000000000c45c                __aarch64_read_tp
 *fill*         0x000000000000c468        0x8 
 .text.ipcCloseObjectById
                0x000000000000c470       0x34 C:/tools/msys64/opt/devkitpro/libnx/lib\libnx.a(time.o)
 *fill*         0x000000000000c4a4        0xc 
 .text._timeGetSession
                0x000000000000c4b0      0x12c C:/tools/msys64/opt/devkitpro/libnx/lib\libnx.a(time.o)
 *fill*         0x000000000000c5dc        0x4 
 .text.timeExit
                0x000000000000c5e0      0x1ec C:/tools/msys64/opt/devkitpro/libnx/lib\libnx.a(time.o)
                0x000000000000c5e0                timeExit
 *fill*         0x000000000000c7cc        0x4 
 .text.timeInitialize
                0x000000000000c7d0       0xd8 C:/tools/msys64/opt/devkitpro/libnx/lib\libnx.a(time.o)
                0x000000000000c7d0                timeInitialize
 *fill*         0x000000000000c8a8        0x8 
 .text.timeGetCurrentTime
                0x000000000000c8b0      0x124 C:/tools/msys64/opt/devkitpro/libnx/lib\libnx.a(time.o)
                0x000000000000c8b0                timeGetCurrentTime
 *fill*         0x000000000000c9d4        0xc 
 .text.timeToCalendarTimeWithMyRule
                0x000000000000c9e0      0x118 C:/tools/msys64/opt/devkitpro/libnx/lib\libnx.a(time.o)
                0x000000000000c9e0                timeToCalendarTimeWithMyRule
 *fill*         0x000000000000caf8        0x8 
 .text.ipcPrepareHeader
                0x000000000000cb00      0x220 C:/tools/msys64/opt/devkitpro/libnx/lib\libnx.a(fs.o)
 .text.ipcParse
                0x000000000000cd20      0x22c C:/tools/msys64/opt/devkitpro/libnx/lib\libnx.a(fs.o)
 *fill*         0x000000000000cf4c        0x4 
 .text.serviceIpcParse
                0x000000000000cf50       0xb8 C:/tools/msys64/opt/devkitpro/libnx/lib\libnx.a(fs.o)
 *fill*         0x000000000000d008        0x8 
 .text.ipcCloseObjectById
                0x000000000000d010       0x34 C:/tools/msys64/opt/devkitpro/libnx/lib\libnx.a(fs.o)
 *fill*         0x000000000000d044        0xc 
 .text.fsInitialize
                0x000000000000d050      0x200 C:/tools/msys64/opt/devkitpro/libnx/lib\libnx.a(fs.o)
                0x000000000000d050                fsInitialize
 .text.fsExit   0x000000000000d250       0x9c C:/tools/msys64/opt/devkitpro/libnx/lib\libnx.a(fs.o)
                0x000000000000d250                fsExit
 *fill*         0x000000000000d2ec        0x4 
 .text.fsMountSdcard
                0x000000000000d2f0      0x134 C:/tools/msys64/opt/devkitpro/libnx/lib\libnx.a(fs.o)
                0x000000000000d2f0                fsMountSdcard
 *fill*         0x000000000000d424        0xc 
 .text.fsFsCreateFile
                0x000000000000d430      0x120 C:/tools/msys64/opt/devkitpro/libnx/lib\libnx.a(fs.o)
                0x000000000000d430                fsFsCreateFile
 .text.fsFsDeleteFile
                0x000000000000d550      0x19c C:/tools/msys64/opt/devkitpro/libnx/lib\libnx.a(fs.o)
                0x000000000000d550                fsFsDeleteFile
 *fill*         0x000000000000d6ec        0x4 
 .text.fsFsCreateDirectory
                0x000000000000d6f0      0x1a4 C:/tools/msys64/opt/devkitpro/libnx/lib\libnx.a(fs.o)
                0x000000000000d6f0                fsFsCreateDirectory
 *fill*         0x000000000000d894        0xc 
 .text.fsFsDeleteDirectory
                0x000000000000d8a0      0x1a4 C:/tools/msys64/opt/devkitpro/libnx/lib\libnx.a(fs.o)
                0x000000000000d8a0                fsFsDeleteDirectory
 *fill*         0x000000000000da44        0xc 
 .text.fsFsRenameFile
                0x000000000000da50      0x190 C:/tools/msys64/opt/devkitpro/libnx/lib\libnx.a(fs.o)
                0x000000000000da50                fsFsRenameFile
 .text.fsFsRenameDirectory
                0x000000000000dbe0      0x190 C:/tools/msys64/opt/devkitpro/libnx/lib\libnx.a(fs.o)
                0x000000000000dbe0                fsFsRenameDirectory
 .text.fsFsGetEntryType
                0x000000000000dd70      0x12c C:/tools/msys64/opt/devkitpro/libnx/lib\libnx.a(fs.o)
                0x000000000000dd70                fsFsGetEntryType
 *fill*         0x000000000000de9c        0x4 
 .text.fsFsOpenFile
                0x000000000000dea0      0x150 C:/tools/msys64/opt/devkitpro/libnx/lib\libnx.a(fs.o)
                0x000000000000dea0                fsFsOpenFile
 .text.fsFsOpenDirectory
                0x000000000000dff0      0x150 C:/tools/msys64/opt/devkitpro/libnx/lib\libnx.a(fs.o)
                0x000000000000dff0                fsFsOpenDirectory
 .text.fsFsGetFreeSpace
                0x000000000000e140      0x12c C:/tools/msys64/opt/devkitpro/libnx/lib\libnx.a(fs.o)
                0x000000000000e140                fsFsGetFreeSpace
 *fill*         0x000000000000e26c        0x4 
 .text.fsFsGetTotalSpace
                0x000000000000e270      0x12c C:/tools/msys64/opt/devkitpro/libnx/lib\libnx.a(fs.o)
                0x000000000000e270                fsFsGetTotalSpace
 *fill*         0x000000000000e39c        0x4 
 .text.fsFsClose
                0x000000000000e3a0       0x6c C:/tools/msys64/opt/devkitpro/libnx/lib\libnx.a(fs.o)
                0x000000000000e3a0                fsFsClose
 *fill*         0x000000000000e40c        0x4 
 .text.fsFileRead
                0x000000000000e410      0x138 C:/tools/msys64/opt/devkitpro/libnx/lib\libnx.a(fs.o)
                0x000000000000e410                fsFileRead
 *fill*         0x000000000000e548        0x8 
 .text.fsFileWrite
                0x000000000000e550      0x10c C:/tools/msys64/opt/devkitpro/libnx/lib\libnx.a(fs.o)
                0x000000000000e550                fsFileWrite
 *fill*         0x000000000000e65c        0x4 
 .text.fsFileFlush
                0x000000000000e660      0x174 C:/tools/msys64/opt/devkitpro/libnx/lib\libnx.a(fs.o)
                0x000000000000e660                fsFileFlush
 *fill*         0x000000000000e7d4        0xc 
 .text.fsFileSetSize
                0x000000000000e7e0      0x17c C:/tools/msys64/opt/devkitpro/libnx/lib\libnx.a(fs.o)
                0x000000000000e7e0                fsFileSetSize
 *fill*         0x000000000000e95c        0x4 
 .text.fsFileGetSize
                0x000000000000e960      0x100 C:/tools/msys64/opt/devkitpro/libnx/lib\libnx.a(fs.o)
                0x000000000000e960                fsFileGetSize
 .text.fsFileClose
                0x000000000000ea60       0x6c C:/tools/msys64/opt/devkitpro/libnx/lib\libnx.a(fs.o)
                0x000000000000ea60                fsFileClose
 *fill*         0x000000000000eacc        0x4 
 .text.fsDirClose
                0x000000000000ead0       0x6c C:/tools/msys64/opt/devkitpro/libnx/lib\libnx.a(fs.o)
                0x000000000000ead0                fsDirClose
 *fill*         0x000000000000eb3c        0x4 
 .text.fsDirRead
                0x000000000000eb40      0x13c C:/tools/msys64/opt/devkitpro/libnx/lib\libnx.a(fs.o)
                0x000000000000eb40                fsDirRead
 *fill*         0x000000000000ec7c        0x4 
 .text.nxlinkSetup
                0x000000000000ec80       0xc4 C:/tools/msys64/opt/devkitpro/libnx/lib\libnx.a(nxlink.o)
                0x000000000000ec80                nxlinkSetup
 *fill*         0x000000000000ed44        0x4 
 .text.bsearch  0x000000000000ed48       0xb8 c:/tools/msys64/opt/devkitpro/devkita64/bin/../lib/gcc/aarch64-none-elf/8.2.0/../../../../aarch64-none-elf/lib/pic\libg.a(lib_a-bsearch.o)
                0x000000000000ed48                bsearch
 .text.__errno  0x000000000000ee00       0x14 c:/tools/msys64/opt/devkitpro/devkita64/bin/../lib/gcc/aarch64-none-elf/8.2.0/../../../../aarch64-none-elf/lib/pic\libg.a(lib_a-errno.o)
                0x000000000000ee00                __errno
 *fill*         0x000000000000ee14        0x4 
 .text.__libc_fini_array
                0x000000000000ee18       0x44 c:/tools/msys64/opt/devkitpro/devkita64/bin/../lib/gcc/aarch64-none-elf/8.2.0/../../../../aarch64-none-elf/lib/pic\libg.a(lib_a-fini.o)
                0x000000000000ee18                __libc_fini_array
 *fill*         0x000000000000ee5c        0x4 
 .text.__libc_init_array
                0x000000000000ee60       0x8c c:/tools/msys64/opt/devkitpro/devkita64/bin/../lib/gcc/aarch64-none-elf/8.2.0/../../../../aarch64-none-elf/lib/pic\libg.a(lib_a-init.o)
                0x000000000000ee60                __libc_init_array
 *fill*         0x000000000000eeec        0x4 
 .text.__locale_ctype_ptr_l
                0x000000000000eef0        0x8 c:/tools/msys64/opt/devkitpro/devkita64/bin/../lib/gcc/aarch64-none-elf/8.2.0/../../../../aarch64-none-elf/lib/pic\libg.a(lib_a-locale.o)
                0x000000000000eef0                __locale_ctype_ptr_l
 .text.__locale_ctype_ptr
                0x000000000000eef8       0x2c c:/tools/msys64/opt/devkitpro/devkita64/bin/../lib/gcc/aarch64-none-elf/8.2.0/../../../../aarch64-none-elf/lib/pic\libg.a(lib_a-locale.o)
                0x000000000000eef8                __locale_ctype_ptr
 *fill*         0x000000000000ef24        0x4 
 .text.memalign
                0x000000000000ef28       0x30 c:/tools/msys64/opt/devkitpro/devkita64/bin/../lib/gcc/aarch64-none-elf/8.2.0/../../../../aarch64-none-elf/lib/pic\libg.a(lib_a-malign.o)
                0x000000000000ef28                memalign
 .text._memalign_r
                0x000000000000ef58      0x198 c:/tools/msys64/opt/devkitpro/devkita64/bin/../lib/gcc/aarch64-none-elf/8.2.0/../../../../aarch64-none-elf/lib/pic\libg.a(lib_a-malignr.o)
                0x000000000000ef58                _memalign_r
 .text.free     0x000000000000f0f0       0x1c c:/tools/msys64/opt/devkitpro/devkita64/bin/../lib/gcc/aarch64-none-elf/8.2.0/../../../../aarch64-none-elf/lib/pic\libg.a(lib_a-malloc.o)
                0x000000000000f0f0                free
 *fill*         0x000000000000f10c        0x4 
 .text._malloc_r
                0x000000000000f110      0x844 c:/tools/msys64/opt/devkitpro/devkita64/bin/../lib/gcc/aarch64-none-elf/8.2.0/../../../../aarch64-none-elf/lib/pic\libg.a(lib_a-mallocr.o)
                0x000000000000f110                _malloc_r
 *fill*         0x000000000000f954        0x4 
 .text.__utf8_mbtowc
                0x000000000000f958      0x2c8 c:/tools/msys64/opt/devkitpro/devkita64/bin/../lib/gcc/aarch64-none-elf/8.2.0/../../../../aarch64-none-elf/lib/pic\libg.a(lib_a-mbtowc_r.o)
                0x000000000000f958                __utf8_mbtowc
 *fill*         0x000000000000fc20       0x20 
 .text          0x000000000000fc40      0x16c c:/tools/msys64/opt/devkitpro/devkita64/bin/../lib/gcc/aarch64-none-elf/8.2.0/../../../../aarch64-none-elf/lib/pic\libg.a(lib_a-memcpy.o)
                0x000000000000fc40                memcpy
 *fill*         0x000000000000fdac       0x14 
 .text          0x000000000000fdc0      0x1d8 c:/tools/msys64/opt/devkitpro/devkita64/bin/../lib/gcc/aarch64-none-elf/8.2.0/../../../../aarch64-none-elf/lib/pic\libg.a(lib_a-memset.o)
                0x000000000000fdc0                memset
 .text.__malloc_lock
                0x000000000000ff98        0xc c:/tools/msys64/opt/devkitpro/devkita64/bin/../lib/gcc/aarch64-none-elf/8.2.0/../../../../aarch64-none-elf/lib/pic\libg.a(lib_a-mlock.o)
                0x000000000000ff98                __malloc_lock
 *fill*         0x000000000000ffa4        0x4 
 .text.__malloc_unlock
                0x000000000000ffa8        0xc c:/tools/msys64/opt/devkitpro/devkita64/bin/../lib/gcc/aarch64-none-elf/8.2.0/../../../../aarch64-none-elf/lib/pic\libg.a(lib_a-mlock.o)
                0x000000000000ffa8                __malloc_unlock
 *fill*         0x000000000000ffb4        0x4 
 .text.setenv   0x000000000000ffb8       0x3c c:/tools/msys64/opt/devkitpro/devkita64/bin/../lib/gcc/aarch64-none-elf/8.2.0/../../../../aarch64-none-elf/lib/pic\libg.a(lib_a-setenv.o)
                0x000000000000ffb8                setenv
 *fill*         0x000000000000fff4        0x4 
 .text._setenv_r
                0x000000000000fff8      0x264 c:/tools/msys64/opt/devkitpro/devkita64/bin/../lib/gcc/aarch64-none-elf/8.2.0/../../../../aarch64-none-elf/lib/pic\libg.a(lib_a-setenv_r.o)
                0x000000000000fff8                _setenv_r
 .text          0x000000000001025c       0xdc c:/tools/msys64/opt/devkitpro/devkita64/bin/../lib/gcc/aarch64-none-elf/8.2.0/../../../../aarch64-none-elf/lib/pic\libg.a(lib_a-strchr.o)
                0x000000000001025c                strchr
 *fill*         0x0000000000010338        0x8 
 .text          0x0000000000010340       0xa4 c:/tools/msys64/opt/devkitpro/devkita64/bin/../lib/gcc/aarch64-none-elf/8.2.0/../../../../aarch64-none-elf/lib/pic\libg.a(lib_a-strcmp.o)
                0x0000000000010340                strcmp
 *fill*         0x00000000000103e4       0x1c 
 .text          0x0000000000010400      0x140 c:/tools/msys64/opt/devkitpro/devkita64/bin/../lib/gcc/aarch64-none-elf/8.2.0/../../../../aarch64-none-elf/lib/pic\libg.a(lib_a-strlen.o)
                0x0000000000010400                strlen
 .text.strncat  0x0000000000010540       0x84 c:/tools/msys64/opt/devkitpro/devkita64/bin/../lib/gcc/aarch64-none-elf/8.2.0/../../../../aarch64-none-elf/lib/pic\libg.a(lib_a-strncat.o)
                0x0000000000010540                strncat
 *fill*         0x00000000000105c4       0x3c 
 .text          0x0000000000010600      0x124 c:/tools/msys64/opt/devkitpro/devkita64/bin/../lib/gcc/aarch64-none-elf/8.2.0/../../../../aarch64-none-elf/lib/pic\libg.a(lib_a-strncmp.o)
                0x000000000001061c                strncmp
 *fill*         0x0000000000010724        0x4 
 .text.strncpy  0x0000000000010728       0xa8 c:/tools/msys64/opt/devkitpro/devkita64/bin/../lib/gcc/aarch64-none-elf/8.2.0/../../../../aarch64-none-elf/lib/pic\libg.a(lib_a-strncpy.o)
                0x0000000000010728                strncpy
 *fill*         0x00000000000107d0       0x30 
 .text          0x0000000000010800       0xe0 c:/tools/msys64/opt/devkitpro/devkita64/bin/../lib/gcc/aarch64-none-elf/8.2.0/../../../../aarch64-none-elf/lib/pic\libg.a(lib_a-strnlen.o)
                0x0000000000010824                strnlen
 .text._strtoul_l.isra.0
                0x00000000000108e0      0x1e0 c:/tools/msys64/opt/devkitpro/devkita64/bin/../lib/gcc/aarch64-none-elf/8.2.0/../../../../aarch64-none-elf/lib/pic\libg.a(lib_a-strtoul.o)
 .text.strtoul  0x0000000000010ac0       0x5c c:/tools/msys64/opt/devkitpro/devkita64/bin/../lib/gcc/aarch64-none-elf/8.2.0/../../../../aarch64-none-elf/lib/pic\libg.a(lib_a-strtoul.o)
                0x0000000000010ac0                strtoul
 *fill*         0x0000000000010b1c        0x4 
 .text.__utf8_wctomb
                0x0000000000010b20       0xe4 c:/tools/msys64/opt/devkitpro/devkita64/bin/../lib/gcc/aarch64-none-elf/8.2.0/../../../../aarch64-none-elf/lib/pic\libg.a(lib_a-wctomb_r.o)
                0x0000000000010b20                __utf8_wctomb
 *fill*         0x0000000000010c04        0x4 
 .text.__call_exitprocs
                0x0000000000010c08      0x17c c:/tools/msys64/opt/devkitpro/devkita64/bin/../lib/gcc/aarch64-none-elf/8.2.0/../../../../aarch64-none-elf/lib/pic\libg.a(lib_a-__call_atexit.o)
                0x0000000000010c08                __call_exitprocs
 *fill*         0x0000000000010d84        0x4 
 .text.__env_lock
                0x0000000000010d88        0xc c:/tools/msys64/opt/devkitpro/devkita64/bin/../lib/gcc/aarch64-none-elf/8.2.0/../../../../aarch64-none-elf/lib/pic\libg.a(lib_a-envlock.o)
                0x0000000000010d88                __env_lock
 *fill*         0x0000000000010d94        0x4 
 .text.__env_unlock
                0x0000000000010d98        0xc c:/tools/msys64/opt/devkitpro/devkita64/bin/../lib/gcc/aarch64-none-elf/8.2.0/../../../../aarch64-none-elf/lib/pic\libg.a(lib_a-envlock.o)
                0x0000000000010d98                __env_unlock
 *fill*         0x0000000000010da4        0x4 
 .text._malloc_trim_r
                0x0000000000010da8      0x118 c:/tools/msys64/opt/devkitpro/devkita64/bin/../lib/gcc/aarch64-none-elf/8.2.0/../../../../aarch64-none-elf/lib/pic\libg.a(lib_a-freer.o)
                0x0000000000010da8                _malloc_trim_r
 .text._free_r  0x0000000000010ec0      0x2f4 c:/tools/msys64/opt/devkitpro/devkita64/bin/../lib/gcc/aarch64-none-elf/8.2.0/../../../../aarch64-none-elf/lib/pic\libg.a(lib_a-freer.o)
                0x0000000000010ec0                _free_r
 *fill*         0x00000000000111b4        0x4 
 .text._findenv_r
                0x00000000000111b8      0x100 c:/tools/msys64/opt/devkitpro/devkita64/bin/../lib/gcc/aarch64-none-elf/8.2.0/../../../../aarch64-none-elf/lib/pic\libg.a(lib_a-getenv_r.o)
                0x00000000000111b8                _findenv_r
 .text._realloc_r
                0x00000000000112b8      0x56c c:/tools/msys64/opt/devkitpro/devkita64/bin/../lib/gcc/aarch64-none-elf/8.2.0/../../../../aarch64-none-elf/lib/pic\libg.a(lib_a-reallocr.o)
                0x00000000000112b8                _realloc_r
 *fill*         0x0000000000011824       0x1c 
 .text          0x0000000000011840       0xac c:/tools/msys64/opt/devkitpro/devkita64/bin/../lib/gcc/aarch64-none-elf/8.2.0/../../../../aarch64-none-elf/lib/pic\libg.a(lib_a-memmove.o)
                0x0000000000011840                memmove
 *fill*         0x00000000000118ec        0x4 
 .text.null_write
                0x00000000000118f0        0x8 c:/tools/msys64/opt/devkitpro/devkita64/bin/../lib/gcc/aarch64-none-elf/8.2.0/../../../../aarch64-none-elf/lib/pic\libsysbase.a(iosupport.o)
 .text.setDefaultDevice
                0x00000000000118f8       0x18 c:/tools/msys64/opt/devkitpro/devkita64/bin/../lib/gcc/aarch64-none-elf/8.2.0/../../../../aarch64-none-elf/lib/pic\libsysbase.a(iosupport.o)
                0x00000000000118f8                setDefaultDevice
 .text.FindDevice
                0x0000000000011910       0xf8 c:/tools/msys64/opt/devkitpro/devkita64/bin/../lib/gcc/aarch64-none-elf/8.2.0/../../../../aarch64-none-elf/lib/pic\libsysbase.a(iosupport.o)
                0x0000000000011910                FindDevice
 .text.RemoveDevice
                0x0000000000011a08       0x34 c:/tools/msys64/opt/devkitpro/devkita64/bin/../lib/gcc/aarch64-none-elf/8.2.0/../../../../aarch64-none-elf/lib/pic\libsysbase.a(iosupport.o)
                0x0000000000011a08                RemoveDevice
 *fill*         0x0000000000011a3c        0x4 
 .text.AddDevice
                0x0000000000011a40       0xd8 c:/tools/msys64/opt/devkitpro/devkita64/bin/../lib/gcc/aarch64-none-elf/8.2.0/../../../../aarch64-none-elf/lib/pic\libsysbase.a(iosupport.o)
                0x0000000000011a40                AddDevice
 .text._sbrk_r  0x0000000000011b18       0x78 c:/tools/msys64/opt/devkitpro/devkita64/bin/../lib/gcc/aarch64-none-elf/8.2.0/../../../../aarch64-none-elf/lib/pic\libsysbase.a(sbrk.o)
                0x0000000000011b18                _sbrk_r
 .text._exit    0x0000000000011b90       0x24 c:/tools/msys64/opt/devkitpro/devkita64/bin/../lib/gcc/aarch64-none-elf/8.2.0/../../../../aarch64-none-elf/lib/pic\libsysbase.a(_exit.o)
                0x0000000000011b90                _exit
 *fill*         0x0000000000011bb4        0x4 
 .text._concatenate_path
                0x0000000000011bb8      0x234 c:/tools/msys64/opt/devkitpro/devkita64/bin/../lib/gcc/aarch64-none-elf/8.2.0/../../../../aarch64-none-elf/lib/pic\libsysbase.a(chdir.o)
                0x0000000000011bb8                _concatenate_path
 *fill*         0x0000000000011dec        0x4 
 .text.chdir    0x0000000000011df0      0x178 c:/tools/msys64/opt/devkitpro/devkita64/bin/../lib/gcc/aarch64-none-elf/8.2.0/../../../../aarch64-none-elf/lib/pic\libsysbase.a(chdir.o)
                0x0000000000011df0                chdir
 .text.__libc_lock_acquire_recursive
                0x0000000000011f68       0x18 c:/tools/msys64/opt/devkitpro/devkita64/bin/../lib/gcc/aarch64-none-elf/8.2.0/../../../../aarch64-none-elf/lib/pic\libsysbase.a(syscall_support.o)
                0x0000000000011f68                __libc_lock_acquire_recursive
 .text.__libc_lock_release_recursive
                0x0000000000011f80       0x18 c:/tools/msys64/opt/devkitpro/devkita64/bin/../lib/gcc/aarch64-none-elf/8.2.0/../../../../aarch64-none-elf/lib/pic\libsysbase.a(syscall_support.o)
                0x0000000000011f80                __libc_lock_release_recursive
 .text.__getreent
                0x0000000000011f98       0x24 c:/tools/msys64/opt/devkitpro/devkita64/bin/../lib/gcc/aarch64-none-elf/8.2.0/../../../../aarch64-none-elf/lib/pic\libsysbase.a(getreent.o)
                0x0000000000011f98                __getreent
 .text          0x0000000000011fbc      0x100 c:/tools/msys64/opt/devkitpro/devkita64/bin/../lib/gcc/aarch64-none-elf/8.2.0/../../../../aarch64-none-elf/lib/pic\libg.a(lib_a-strrchr.o)
                0x0000000000011fbc                strrchr
                0x00000000000120c0                . = ALIGN (0x8)
 *fill*         0x00000000000120bc        0x4 

.fini           0x00000000000120c0       0x38
 *(.fini)
 .fini          0x00000000000120c0       0x18 c:/tools/msys64/opt/devkitpro/devkita64/bin/../lib/gcc/aarch64-none-elf/8.2.0/pic/crti.o
                0x00000000000120c0                _fini
 .fini          0x00000000000120d8       0x1c c:/tools/msys64/opt/devkitpro/devkita64/bin/../lib/gcc/aarch64-none-elf/8.2.0/pic/crtn.o
                0x00000000000120f8                . = ALIGN (0x8)
 *fill*         0x00000000000120f4        0x4 
                0x0000000000013000                . = ALIGN (0x1000)

.rodata         0x0000000000013000      0x2d8
 *(.rodata .rodata.* .gnu.linkonce.r.*)
 .rodata.CSWTCH.55
                0x0000000000013000       0x14 C:/tools/msys64/opt/devkitpro/libnx/lib\libnx.a(applet.o)
 *fill*         0x0000000000013014        0x4 
 .rodata.appletInitialize.str1.8
                0x0000000000013018       0x19 C:/tools/msys64/opt/devkitpro/libnx/lib\libnx.a(applet.o)
 *fill*         0x0000000000013031        0x7 
 .rodata        0x0000000000013038       0x24 C:/tools/msys64/opt/devkitpro/libnx/lib\libnx.a(hid.o)
 *fill*         0x000000000001305c        0x4 
 .rodata.hidInitialize.str1.8
                0x0000000000013060        0x4 C:/tools/msys64/opt/devkitpro/libnx/lib\libnx.a(hid.o)
 *fill*         0x0000000000013064        0x4 
 .rodata.apmInitialize.str1.8
                0x0000000000013068        0xc C:/tools/msys64/opt/devkitpro/libnx/lib\libnx.a(apm.o)
 *fill*         0x0000000000013074        0x4 
 .rodata.smInitialize.str1.8
                0x0000000000013078        0x4 C:/tools/msys64/opt/devkitpro/libnx/lib\libnx.a(sm.o)
                                          0x9 (size before relaxing)
 *fill*         0x000000000001307c        0x4 
 .rodata.fatalWithType.str1.8
                0x0000000000013080        0x8 C:/tools/msys64/opt/devkitpro/libnx/lib\libnx.a(fatal.o)
 .rodata.gfxInitDefault.str1.8
                0x0000000000013088        0x8 C:/tools/msys64/opt/devkitpro/libnx/lib\libnx.a(gfx.o)
 .rodata.nvgfxInitialize.str1.8
                0x0000000000013090        0xb C:/tools/msys64/opt/devkitpro/libnx/lib\libnx.a(nvgfx.o)
 *fill*         0x000000000001309b        0x5 
 .rodata.nvInitialize.str1.8
                0x00000000000130a0       0x10 C:/tools/msys64/opt/devkitpro/libnx/lib\libnx.a(nv.o)
 .rodata.viInitialize.str1.8
                0x00000000000130b0       0x15 C:/tools/msys64/opt/devkitpro/libnx/lib\libnx.a(vi.o)
 *fill*         0x00000000000130c5        0x3 
 .rodata.nvFenceInit.str1.8
                0x00000000000130c8       0x11 C:/tools/msys64/opt/devkitpro/libnx/lib\libnx.a(fence.o)
 *fill*         0x00000000000130d9        0x7 
 .rodata.g_bq_InterfaceDescriptor
                0x00000000000130e0       0x23 C:/tools/msys64/opt/devkitpro/libnx/lib\libnx.a(buffer_producer.o)
 *fill*         0x0000000000013103        0x5 
 .rodata.__libnx_init_time.str1.8
                0x0000000000013108        0x3 C:/tools/msys64/opt/devkitpro/libnx/lib\libnx.a(newlib.o)
 *fill*         0x000000000001310b        0x5 
 .rodata._fsdevUnmountDeviceStruct.part.4.str1.8
                0x0000000000013110        0x2 C:/tools/msys64/opt/devkitpro/libnx/lib\libnx.a(fs_dev.o)
 *fill*         0x0000000000013112        0x6 
 .rodata.error_table
                0x0000000000013118       0x18 C:/tools/msys64/opt/devkitpro/libnx/lib\libnx.a(fs_dev.o)
 .rodata.fsdevMountSdmc.str1.8
                0x0000000000013130        0x5 C:/tools/msys64/opt/devkitpro/libnx/lib\libnx.a(fs_dev.o)
 *fill*         0x0000000000013135        0x3 
 .rodata.timeInitialize.str1.8
                0x0000000000013138        0xf C:/tools/msys64/opt/devkitpro/libnx/lib\libnx.a(time.o)
 *fill*         0x0000000000013147        0x1 
 .rodata.fsInitialize.str1.8
                0x0000000000013148        0x8 C:/tools/msys64/opt/devkitpro/libnx/lib\libnx.a(fs.o)
 .rodata.nxlinkSetup.str1.8
                0x0000000000013150        0x9 C:/tools/msys64/opt/devkitpro/libnx/lib\libnx.a(nxlink.o)
 *fill*         0x0000000000013159        0x7 
 .rodata.str1.8
                0x0000000000013160       0x5c c:/tools/msys64/opt/devkitpro/devkita64/bin/../lib/gcc/aarch64-none-elf/8.2.0/../../../../aarch64-none-elf/lib/pic\libg.a(lib_a-locale.o)
                                         0x64 (size before relaxing)
 *fill*         0x00000000000131bc        0x4 
 .rodata._ctype_
                0x00000000000131c0      0x101 c:/tools/msys64/opt/devkitpro/devkita64/bin/../lib/gcc/aarch64-none-elf/8.2.0/../../../../aarch64-none-elf/lib/pic\libg.a(lib_a-ctype_.o)
                0x00000000000131c0                _ctype_
 *fill*         0x00000000000132c1        0x7 
 .rodata.AddDevice.str1.8
                0x00000000000132c8        0x8 c:/tools/msys64/opt/devkitpro/devkita64/bin/../lib/gcc/aarch64-none-elf/8.2.0/../../../../aarch64-none-elf/lib/pic\libsysbase.a(iosupport.o)
 .rodata.DIRECTORY_PARENT
                0x00000000000132d0        0x3 c:/tools/msys64/opt/devkitpro/devkita64/bin/../lib/gcc/aarch64-none-elf/8.2.0/../../../../aarch64-none-elf/lib/pic\libsysbase.a(chdir.o)
                0x00000000000132d0                DIRECTORY_PARENT
                0x00000000000132d8                . = ALIGN (0x8)
 *fill*         0x00000000000132d3        0x5 

.eh_frame_hdr   0x00000000000132d8        0x0
                0x00000000000132d8                __eh_frame_hdr_start = .
 *(.eh_frame_hdr)
 *(.eh_frame_entry .eh_frame_entry.*)
                0x00000000000132d8                __eh_frame_hdr_end = .

.eh_frame       0x00000000000132d8     0x3b60
 *(.eh_frame)
 .eh_frame      0x00000000000132d8       0x80 c:/tools/msys64/opt/devkitpro/devkita64/bin/../lib/gcc/aarch64-none-elf/8.2.0/pic/crtbegin.o
 .eh_frame      0x0000000000013358       0x80 main.o
                                        0x3c8 (size before relaxing)
 .eh_frame      0x00000000000133d8      0x510 C:/tools/msys64/opt/devkitpro/libnx/lib\libnx.a(applet.o)
                                        0x750 (size before relaxing)
 .eh_frame      0x00000000000138e8      0x2a0 C:/tools/msys64/opt/devkitpro/libnx/lib\libnx.a(hid.o)
                                        0x930 (size before relaxing)
 .eh_frame      0x0000000000013b88       0xe0 C:/tools/msys64/opt/devkitpro/libnx/lib\libnx.a(apm.o)
                                        0x128 (size before relaxing)
 .eh_frame      0x0000000000013c68      0x130 C:/tools/msys64/opt/devkitpro/libnx/lib\libnx.a(sm.o)
                                        0x1c0 (size before relaxing)
 .eh_frame      0x0000000000013d98       0x40 C:/tools/msys64/opt/devkitpro/libnx/lib\libnx.a(fatal.o)
                                         0x58 (size before relaxing)
 .eh_frame      0x0000000000013dd8      0x258 C:/tools/msys64/opt/devkitpro/libnx/lib\libnx.a(gfx.o)
                                        0x358 (size before relaxing)
 .eh_frame      0x0000000000014030       0xe0 C:/tools/msys64/opt/devkitpro/libnx/lib\libnx.a(nvgfx.o)
                                         0xf0 (size before relaxing)
 .eh_frame      0x0000000000014110      0x110 C:/tools/msys64/opt/devkitpro/libnx/lib\libnx.a(env.o)
                                        0x1d8 (size before relaxing)
 .eh_frame      0x0000000000014220       0x18 C:/tools/msys64/opt/devkitpro/libnx/lib\libnx.a(cache.o)
                                         0x68 (size before relaxing)
 .eh_frame      0x0000000000014238      0x168 C:/tools/msys64/opt/devkitpro/libnx/lib\libnx.a(svc.o)
                                        0x7a8 (size before relaxing)
 .eh_frame      0x00000000000143a0       0xc0 C:/tools/msys64/opt/devkitpro/libnx/lib\libnx.a(detect.o)
                                        0x138 (size before relaxing)
 .eh_frame      0x0000000000014460       0xa0 C:/tools/msys64/opt/devkitpro/libnx/lib\libnx.a(shmem.o)
                                         0xc8 (size before relaxing)
 .eh_frame      0x0000000000014500       0x80 C:/tools/msys64/opt/devkitpro/libnx/lib\libnx.a(rwlock.o)
                                         0xa8 (size before relaxing)
 .eh_frame      0x0000000000014580       0x90 C:/tools/msys64/opt/devkitpro/libnx/lib\libnx.a(tmem.o)
                                         0xf0 (size before relaxing)
 .eh_frame      0x0000000000014610       0x70 C:/tools/msys64/opt/devkitpro/libnx/lib\libnx.a(mutex.o)
                                         0xc0 (size before relaxing)
 .eh_frame      0x0000000000014680       0xb8 C:/tools/msys64/opt/devkitpro/libnx/lib\libnx.a(virtmem.o)
                                        0x120 (size before relaxing)
 .eh_frame      0x0000000000014738       0x88 C:/tools/msys64/opt/devkitpro/libnx/lib\libnx.a(event.o)
                                         0xe8 (size before relaxing)
 .eh_frame      0x00000000000147c0      0x258 C:/tools/msys64/opt/devkitpro/libnx/lib\libnx.a(nv.o)
                                        0x2a8 (size before relaxing)
 .eh_frame      0x0000000000014a18      0x2e0 C:/tools/msys64/opt/devkitpro/libnx/lib\libnx.a(vi.o)
                                        0x3c8 (size before relaxing)
 .eh_frame      0x0000000000014cf8      0x130 C:/tools/msys64/opt/devkitpro/libnx/lib\libnx.a(fence.o)
                                        0x140 (size before relaxing)
 .eh_frame      0x0000000000014e28       0xa8 C:/tools/msys64/opt/devkitpro/libnx/lib\libnx.a(nvhost-ctrl.o)
                                        0x120 (size before relaxing)
 .eh_frame      0x0000000000014ed0       0x68 C:/tools/msys64/opt/devkitpro/libnx/lib\libnx.a(nvmap.o)
                                         0xc0 (size before relaxing)
 .eh_frame      0x0000000000014f38      0x220 C:/tools/msys64/opt/devkitpro/libnx/lib\libnx.a(buffer_producer.o)
                                        0x280 (size before relaxing)
 .eh_frame      0x0000000000015158      0x210 C:/tools/msys64/opt/devkitpro/libnx/lib\libnx.a(binder.o)
                                        0x220 (size before relaxing)
 .eh_frame      0x0000000000015368      0x238 C:/tools/msys64/opt/devkitpro/libnx/lib\libnx.a(parcel.o)
                                        0x268 (size before relaxing)
 .eh_frame      0x00000000000155a0       0x18 C:/tools/msys64/opt/devkitpro/libnx/lib\libnx.a(dynamic.o)
                                         0x30 (size before relaxing)
 .eh_frame      0x00000000000155b8       0xa8 C:/tools/msys64/opt/devkitpro/libnx/lib\libnx.a(init.o)
                                         0xb8 (size before relaxing)
 .eh_frame      0x0000000000015660      0x158 C:/tools/msys64/opt/devkitpro/libnx/lib\libnx.a(newlib.o)
                                        0x168 (size before relaxing)
 .eh_frame      0x00000000000157b8       0xf8 C:/tools/msys64/opt/devkitpro/libnx/lib\libnx.a(argv.o)
                                        0x108 (size before relaxing)
 .eh_frame      0x00000000000158b0      0x688 C:/tools/msys64/opt/devkitpro/libnx/lib\libnx.a(fs_dev.o)
                                        0x758 (size before relaxing)
 .eh_frame      0x0000000000015f38       0x18 C:/tools/msys64/opt/devkitpro/libnx/lib\libnx.a(decode_utf8.o)
                                         0x28 (size before relaxing)
 .eh_frame      0x0000000000015f50       0x18 C:/tools/msys64/opt/devkitpro/libnx/lib\libnx.a(readtp.o)
                                         0x28 (size before relaxing)
 .eh_frame      0x0000000000015f68      0x130 C:/tools/msys64/opt/devkitpro/libnx/lib\libnx.a(time.o)
                                        0x198 (size before relaxing)
 .eh_frame      0x0000000000016098      0x4d0 C:/tools/msys64/opt/devkitpro/libnx/lib\libnx.a(fs.o)
                                        0xa20 (size before relaxing)
 .eh_frame      0x0000000000016568       0x50 C:/tools/msys64/opt/devkitpro/libnx/lib\libnx.a(nxlink.o)
                                         0x68 (size before relaxing)
 .eh_frame      0x00000000000165b8       0x68 c:/tools/msys64/opt/devkitpro/devkita64/bin/../lib/gcc/aarch64-none-elf/8.2.0/../../../../aarch64-none-elf/lib/pic\libg.a(lib_a-bsearch.o)
                                         0x78 (size before relaxing)
 .eh_frame      0x0000000000016620       0x20 c:/tools/msys64/opt/devkitpro/devkita64/bin/../lib/gcc/aarch64-none-elf/8.2.0/../../../../aarch64-none-elf/lib/pic\libg.a(lib_a-errno.o)
                                         0x38 (size before relaxing)
 .eh_frame      0x0000000000016640       0x20 c:/tools/msys64/opt/devkitpro/devkita64/bin/../lib/gcc/aarch64-none-elf/8.2.0/../../../../aarch64-none-elf/lib/pic\libg.a(lib_a-exit.o)
                                         0x30 (size before relaxing)
 .eh_frame      0x0000000000016660       0x28 c:/tools/msys64/opt/devkitpro/devkita64/bin/../lib/gcc/aarch64-none-elf/8.2.0/../../../../aarch64-none-elf/lib/pic\libg.a(lib_a-fini.o)
                                         0x38 (size before relaxing)
 .eh_frame      0x0000000000016688       0x28 c:/tools/msys64/opt/devkitpro/devkita64/bin/../lib/gcc/aarch64-none-elf/8.2.0/../../../../aarch64-none-elf/lib/pic\libg.a(lib_a-init.o)
                                         0x40 (size before relaxing)
 .eh_frame      0x00000000000166b0       0x38 c:/tools/msys64/opt/devkitpro/devkita64/bin/../lib/gcc/aarch64-none-elf/8.2.0/../../../../aarch64-none-elf/lib/pic\libg.a(lib_a-locale.o)
                                        0x238 (size before relaxing)
 .eh_frame      0x00000000000166e8       0x28 c:/tools/msys64/opt/devkitpro/devkita64/bin/../lib/gcc/aarch64-none-elf/8.2.0/../../../../aarch64-none-elf/lib/pic\libg.a(lib_a-malign.o)
                                         0x38 (size before relaxing)
 .eh_frame      0x0000000000016710       0x50 c:/tools/msys64/opt/devkitpro/devkita64/bin/../lib/gcc/aarch64-none-elf/8.2.0/../../../../aarch64-none-elf/lib/pic\libg.a(lib_a-malignr.o)
                                         0x68 (size before relaxing)
 .eh_frame      0x0000000000016760       0x20 c:/tools/msys64/opt/devkitpro/devkita64/bin/../lib/gcc/aarch64-none-elf/8.2.0/../../../../aarch64-none-elf/lib/pic\libg.a(lib_a-malloc.o)
                                         0x58 (size before relaxing)
 .eh_frame      0x0000000000016780       0xc0 c:/tools/msys64/opt/devkitpro/devkita64/bin/../lib/gcc/aarch64-none-elf/8.2.0/../../../../aarch64-none-elf/lib/pic\libg.a(lib_a-mallocr.o)
                                         0xd0 (size before relaxing)
 .eh_frame      0x0000000000016840       0x30 c:/tools/msys64/opt/devkitpro/devkita64/bin/../lib/gcc/aarch64-none-elf/8.2.0/../../../../aarch64-none-elf/lib/pic\libg.a(lib_a-mbtowc_r.o)
                                        0x110 (size before relaxing)
 .eh_frame      0x0000000000016870       0x28 c:/tools/msys64/opt/devkitpro/devkita64/bin/../lib/gcc/aarch64-none-elf/8.2.0/../../../../aarch64-none-elf/lib/pic\libg.a(lib_a-mlock.o)
                                         0x40 (size before relaxing)
 .eh_frame      0x0000000000016898       0x28 c:/tools/msys64/opt/devkitpro/devkita64/bin/../lib/gcc/aarch64-none-elf/8.2.0/../../../../aarch64-none-elf/lib/pic\libg.a(lib_a-setenv.o)
                                         0x58 (size before relaxing)
 .eh_frame      0x00000000000168c0       0x78 c:/tools/msys64/opt/devkitpro/devkita64/bin/../lib/gcc/aarch64-none-elf/8.2.0/../../../../aarch64-none-elf/lib/pic\libg.a(lib_a-setenv_r.o)
                                         0xc8 (size before relaxing)
 .eh_frame      0x0000000000016938        0x0 c:/tools/msys64/opt/devkitpro/devkita64/bin/../lib/gcc/aarch64-none-elf/8.2.0/../../../../aarch64-none-elf/lib/pic\libg.a(lib_a-strcasecmp.o)
                                         0x58 (size before relaxing)
 .eh_frame      0x0000000000016938        0x0 c:/tools/msys64/opt/devkitpro/devkita64/bin/../lib/gcc/aarch64-none-elf/8.2.0/../../../../aarch64-none-elf/lib/pic\libg.a(lib_a-strcat.o)
                                         0x38 (size before relaxing)
 .eh_frame      0x0000000000016938        0x0 c:/tools/msys64/opt/devkitpro/devkita64/bin/../lib/gcc/aarch64-none-elf/8.2.0/../../../../aarch64-none-elf/lib/pic\libg.a(lib_a-strlcpy.o)
                                         0x28 (size before relaxing)
 .eh_frame      0x0000000000016938        0x0 c:/tools/msys64/opt/devkitpro/devkita64/bin/../lib/gcc/aarch64-none-elf/8.2.0/../../../../aarch64-none-elf/lib/pic\libg.a(lib_a-strncasecmp.o)
                                         0x58 (size before relaxing)
 .eh_frame      0x0000000000016938       0x18 c:/tools/msys64/opt/devkitpro/devkita64/bin/../lib/gcc/aarch64-none-elf/8.2.0/../../../../aarch64-none-elf/lib/pic\libg.a(lib_a-strncat.o)
                                         0x28 (size before relaxing)
 .eh_frame      0x0000000000016950       0x18 c:/tools/msys64/opt/devkitpro/devkita64/bin/../lib/gcc/aarch64-none-elf/8.2.0/../../../../aarch64-none-elf/lib/pic\libg.a(lib_a-strncpy.o)
                                         0x28 (size before relaxing)
 .eh_frame      0x0000000000016968        0x0 c:/tools/msys64/opt/devkitpro/devkita64/bin/../lib/gcc/aarch64-none-elf/8.2.0/../../../../aarch64-none-elf/lib/pic\libg.a(lib_a-strtol.o)
                                         0xc0 (size before relaxing)
 .eh_frame      0x0000000000016968       0x60 c:/tools/msys64/opt/devkitpro/devkita64/bin/../lib/gcc/aarch64-none-elf/8.2.0/../../../../aarch64-none-elf/lib/pic\libg.a(lib_a-strtoul.o)
                                         0xc0 (size before relaxing)
 .eh_frame      0x00000000000169c8       0x18 c:/tools/msys64/opt/devkitpro/devkita64/bin/../lib/gcc/aarch64-none-elf/8.2.0/../../../../aarch64-none-elf/lib/pic\libg.a(lib_a-wctomb_r.o)
                                         0xa0 (size before relaxing)
 .eh_frame      0x00000000000169e0       0x48 c:/tools/msys64/opt/devkitpro/devkita64/bin/../lib/gcc/aarch64-none-elf/8.2.0/../../../../aarch64-none-elf/lib/pic\libg.a(lib_a-__call_atexit.o)
                                         0x60 (size before relaxing)
 .eh_frame      0x0000000000016a28        0x0 c:/tools/msys64/opt/devkitpro/devkita64/bin/../lib/gcc/aarch64-none-elf/8.2.0/../../../../aarch64-none-elf/lib/pic\libg.a(lib_a-ctype_.o)
                                         0x28 (size before relaxing)
 .eh_frame      0x0000000000016a28       0x28 c:/tools/msys64/opt/devkitpro/devkita64/bin/../lib/gcc/aarch64-none-elf/8.2.0/../../../../aarch64-none-elf/lib/pic\libg.a(lib_a-envlock.o)
                                         0x40 (size before relaxing)
 .eh_frame      0x0000000000016a50       0x80 c:/tools/msys64/opt/devkitpro/devkita64/bin/../lib/gcc/aarch64-none-elf/8.2.0/../../../../aarch64-none-elf/lib/pic\libg.a(lib_a-freer.o)
                                         0x98 (size before relaxing)
 .eh_frame      0x0000000000016ad0       0x48 c:/tools/msys64/opt/devkitpro/devkita64/bin/../lib/gcc/aarch64-none-elf/8.2.0/../../../../aarch64-none-elf/lib/pic\libg.a(lib_a-getenv_r.o)
                                         0x78 (size before relaxing)
 .eh_frame      0x0000000000016b18       0xf0 c:/tools/msys64/opt/devkitpro/devkita64/bin/../lib/gcc/aarch64-none-elf/8.2.0/../../../../aarch64-none-elf/lib/pic\libg.a(lib_a-reallocr.o)
                                        0x108 (size before relaxing)
 .eh_frame      0x0000000000016c08       0xe8 c:/tools/msys64/opt/devkitpro/devkita64/bin/../lib/gcc/aarch64-none-elf/8.2.0/../../../../aarch64-none-elf/lib/pic\libsysbase.a(iosupport.o)
                                        0x128 (size before relaxing)
 .eh_frame      0x0000000000016cf0       0x18 c:/tools/msys64/opt/devkitpro/devkita64/bin/../lib/gcc/aarch64-none-elf/8.2.0/../../../../aarch64-none-elf/lib/pic\libsysbase.a(sbrk.o)
                                         0x28 (size before relaxing)
 .eh_frame      0x0000000000016d08       0x20 c:/tools/msys64/opt/devkitpro/devkita64/bin/../lib/gcc/aarch64-none-elf/8.2.0/../../../../aarch64-none-elf/lib/pic\libsysbase.a(_exit.o)
                                         0x38 (size before relaxing)
 .eh_frame      0x0000000000016d28       0xd0 c:/tools/msys64/opt/devkitpro/devkita64/bin/../lib/gcc/aarch64-none-elf/8.2.0/../../../../aarch64-none-elf/lib/pic\libsysbase.a(chdir.o)
                                        0x128 (size before relaxing)
 .eh_frame      0x0000000000016df8       0x28 c:/tools/msys64/opt/devkitpro/devkita64/bin/../lib/gcc/aarch64-none-elf/8.2.0/../../../../aarch64-none-elf/lib/pic\libsysbase.a(syscall_support.o)
                                         0xe0 (size before relaxing)